ARM Linker, 5.03 [Build 76] [MDK-ARM Professional]

==============================================================================

Section Cross References

    stm32f4xx_hal_adc.o(i.ADC_DMAConvCplt) refers to stm32f4xx_hal_adc.o(i.HAL_ADC_ConvCpltCallback) for HAL_ADC_ConvCpltCallback
    stm32f4xx_hal_adc.o(i.ADC_DMAError) refers to stm32f4xx_hal_adc.o(i.HAL_ADC_ErrorCallback) for HAL_ADC_ErrorCallback
    stm32f4xx_hal_adc.o(i.ADC_DMAHalfConvCplt) refers to stm32f4xx_hal_adc.o(i.HAL_ADC_ConvHalfCpltCallback) for HAL_ADC_ConvHalfCpltCallback
    stm32f4xx_hal_adc.o(i.HAL_ADC_ConfigChannel) refers to system_stm32f4xx.o(.data) for SystemCoreClock
    stm32f4xx_hal_adc.o(i.HAL_ADC_DeInit) refers to stm32f4xx_hal_msp.o(i.HAL_ADC_MspDeInit) for HAL_ADC_MspDeInit
    stm32f4xx_hal_adc.o(i.HAL_ADC_IRQHandler) refers to stm32f4xx_hal_adc.o(i.HAL_ADC_ConvCpltCallback) for HAL_ADC_ConvCpltCallback
    stm32f4xx_hal_adc.o(i.HAL_ADC_IRQHandler) refers to stm32f4xx_hal_adc_ex.o(i.HAL_ADCEx_InjectedConvCpltCallback) for HAL_ADCEx_InjectedConvCpltCallback
    stm32f4xx_hal_adc.o(i.HAL_ADC_IRQHandler) refers to stm32f4xx_hal_adc.o(i.HAL_ADC_LevelOutOfWindowCallback) for HAL_ADC_LevelOutOfWindowCallback
    stm32f4xx_hal_adc.o(i.HAL_ADC_IRQHandler) refers to stm32f4xx_hal_adc.o(i.HAL_ADC_ErrorCallback) for HAL_ADC_ErrorCallback
    stm32f4xx_hal_adc.o(i.HAL_ADC_Init) refers to stm32f4xx_hal_msp.o(i.HAL_ADC_MspInit) for HAL_ADC_MspInit
    stm32f4xx_hal_adc.o(i.HAL_ADC_Init) refers to stm32f4xx_hal_adc.o(i.ADC_Init) for ADC_Init
    stm32f4xx_hal_adc.o(i.HAL_ADC_PollForConversion) refers to stm32f4xx_hal.o(i.HAL_GetTick) for HAL_GetTick
    stm32f4xx_hal_adc.o(i.HAL_ADC_PollForEvent) refers to stm32f4xx_hal.o(i.HAL_GetTick) for HAL_GetTick
    stm32f4xx_hal_adc.o(i.HAL_ADC_Start) refers to system_stm32f4xx.o(.data) for SystemCoreClock
    stm32f4xx_hal_adc.o(i.HAL_ADC_Start_DMA) refers to stm32f4xx_hal_dma.o(i.HAL_DMA_Start_IT) for HAL_DMA_Start_IT
    stm32f4xx_hal_adc.o(i.HAL_ADC_Start_DMA) refers to system_stm32f4xx.o(.data) for SystemCoreClock
    stm32f4xx_hal_adc.o(i.HAL_ADC_Start_DMA) refers to stm32f4xx_hal_adc.o(i.ADC_DMAConvCplt) for ADC_DMAConvCplt
    stm32f4xx_hal_adc.o(i.HAL_ADC_Start_DMA) refers to stm32f4xx_hal_adc.o(i.ADC_DMAHalfConvCplt) for ADC_DMAHalfConvCplt
    stm32f4xx_hal_adc.o(i.HAL_ADC_Start_DMA) refers to stm32f4xx_hal_adc.o(i.ADC_DMAError) for ADC_DMAError
    stm32f4xx_hal_adc.o(i.HAL_ADC_Start_IT) refers to system_stm32f4xx.o(.data) for SystemCoreClock
    stm32f4xx_hal_adc.o(i.HAL_ADC_Stop_DMA) refers to stm32f4xx_hal_dma.o(i.HAL_DMA_Abort) for HAL_DMA_Abort
    stm32f4xx_hal_tim.o(i.HAL_TIM_Base_DeInit) refers to stm32f4xx_hal_msp.o(i.HAL_TIM_Base_MspDeInit) for HAL_TIM_Base_MspDeInit
    stm32f4xx_hal_tim.o(i.HAL_TIM_Base_Init) refers to stm32f4xx_hal_msp.o(i.HAL_TIM_Base_MspInit) for HAL_TIM_Base_MspInit
    stm32f4xx_hal_tim.o(i.HAL_TIM_Base_Init) refers to stm32f4xx_hal_tim.o(i.TIM_Base_SetConfig) for TIM_Base_SetConfig
    stm32f4xx_hal_tim.o(i.HAL_TIM_Base_Start_DMA) refers to stm32f4xx_hal_dma.o(i.HAL_DMA_Start_IT) for HAL_DMA_Start_IT
    stm32f4xx_hal_tim.o(i.HAL_TIM_Base_Start_DMA) refers to stm32f4xx_hal_tim.o(i.TIM_DMAPeriodElapsedCplt) for TIM_DMAPeriodElapsedCplt
    stm32f4xx_hal_tim.o(i.HAL_TIM_Base_Start_DMA) refers to stm32f4xx_hal_tim.o(i.TIM_DMAError) for TIM_DMAError
    stm32f4xx_hal_tim.o(i.HAL_TIM_ConfigClockSource) refers to stm32f4xx_hal_tim.o(i.TIM_ETR_SetConfig) for TIM_ETR_SetConfig
    stm32f4xx_hal_tim.o(i.HAL_TIM_ConfigClockSource) refers to stm32f4xx_hal_tim.o(i.TIM_TI1_ConfigInputStage) for TIM_TI1_ConfigInputStage
    stm32f4xx_hal_tim.o(i.HAL_TIM_ConfigClockSource) refers to stm32f4xx_hal_tim.o(i.TIM_ITRx_SetConfig) for TIM_ITRx_SetConfig
    stm32f4xx_hal_tim.o(i.HAL_TIM_ConfigClockSource) refers to stm32f4xx_hal_tim.o(i.TIM_TI2_ConfigInputStage) for TIM_TI2_ConfigInputStage
    stm32f4xx_hal_tim.o(i.HAL_TIM_ConfigOCrefClear) refers to stm32f4xx_hal_tim.o(i.TIM_ETR_SetConfig) for TIM_ETR_SetConfig
    stm32f4xx_hal_tim.o(i.HAL_TIM_DMABurst_ReadStart) refers to stm32f4xx_hal_dma.o(i.HAL_DMA_Start_IT) for HAL_DMA_Start_IT
    stm32f4xx_hal_tim.o(i.HAL_TIM_DMABurst_ReadStart) refers to stm32f4xx_hal_tim.o(i.TIM_DMAPeriodElapsedCplt) for TIM_DMAPeriodElapsedCplt
    stm32f4xx_hal_tim.o(i.HAL_TIM_DMABurst_ReadStart) refers to stm32f4xx_hal_tim.o(i.TIM_DMAError) for TIM_DMAError
    stm32f4xx_hal_tim.o(i.HAL_TIM_DMABurst_ReadStart) refers to stm32f4xx_hal_tim.o(i.TIM_DMACaptureCplt) for TIM_DMACaptureCplt
    stm32f4xx_hal_tim.o(i.HAL_TIM_DMABurst_ReadStart) refers to stm32f4xx_hal_tim_ex.o(i.TIMEx_DMACommutationCplt) for TIMEx_DMACommutationCplt
    stm32f4xx_hal_tim.o(i.HAL_TIM_DMABurst_ReadStart) refers to stm32f4xx_hal_tim.o(i.TIM_DMATriggerCplt) for TIM_DMATriggerCplt
    stm32f4xx_hal_tim.o(i.HAL_TIM_DMABurst_ReadStop) refers to stm32f4xx_hal_dma.o(i.HAL_DMA_Abort) for HAL_DMA_Abort
[...]
    B6                                       0x200000c8   Data           4  main.o(.data)
    B7                                       0x200000cc   Data           4  main.o(.data)
    X1                                       0x200000d0   Data           4  main.o(.data)
    X2                                       0x200000d4   Data           4  main.o(.data)
    X3                                       0x200000d8   Data           4  main.o(.data)
    T                                        0x200000dc   Data           4  main.o(.data)
    Accel_Xout_Val                           0x200000e0   Data           2  main.o(.data)
    Accel_Yout_Val                           0x200000e2   Data           2  main.o(.data)
    Accel_Zout_Val                           0x200000e4   Data           2  main.o(.data)
    Accel_Xout_Normalized_Val                0x200000e6   Data           2  main.o(.data)
    Accel_Yout_Normalized_Val                0x200000e8   Data           2  main.o(.data)
    Accel_Zout_Normalized_Val                0x200000ea   Data           2  main.o(.data)
    Offset_X_Val                             0x200000ec   Data           1  main.o(.data)
    Offset_Y_Val                             0x200000ed   Data           1  main.o(.data)
    Offset_Z_Val                             0x200000ee   Data           1  main.o(.data)
    Accel_XAngle                             0x200000f0   Data           4  main.o(.data)
    Accel_YAngle                             0x200000f4   Data           4  main.o(.data)
    Accel_ZAngle                             0x200000f8   Data           4  main.o(.data)
    clock                                    0x200000fc   Data           8  main.o(.data)
    cur_clock                                0x20000104   Data           8  main.o(.data)
    play_count                               0x2000010c   Data           1  main.o(.data)
    alarm_count                              0x2000010d   Data           1  main.o(.data)
    resend                                   0x2000010e   Data           1  main.o(.data)
    len                                      0x2000010f   Data           1  main.o(.data)
    display_count                            0x20000110   Data           1  main.o(.data)
    iic_count                                0x20000111   Data           1  main.o(.data)
    rec_cou                                  0x20000112   Data           1  main.o(.data)
    rf_pwr_count                             0x20000113   Data           1  main.o(.data)
    time_out                                 0x20000114   Data           1  main.o(.data)
    time_out_pass                            0x20000115   Data           1  main.o(.data)
    send_time                                0x20000116   Data           1  main.o(.data)
    p_rec_cou                                0x20000117   Data           1  main.o(.data)
    p_len                                    0x20000118   Data           1  main.o(.data)
    loop_timeout                             0x20000119   Data           1  main.o(.data)
    ir_cou                                   0x2000011a   Data           1  main.o(.data)
    iic_pwr_count                            0x2000011b   Data           1  main.o(.data)
    fc_clr_time                              0x2000011c   Data           1  main.o(.data)
    next_msg                                 0x2000011d   Data           1  main.o(.data)
    usart_rain_cou                           0x2000011e   Data           1  main.o(.data)
    ReadWaterTime                            0x2000011f   Data           1  main.o(.data)
    log_period                               0x20000120   Data           1  main.o(.data)
    minute_changed                           0x20000121   Data           1  main.o(.data)
    iic_busy_timeout                         0x20000122   Data           1  main.o(.data)
    send_count                               0x20000124   Data           2  main.o(.data)
    count                                    0x20000126   Data           2  main.o(.data)
    rain_cou                                 0x20000128   Data           2  main.o(.data)
    wakeup_cou                               0x2000012a   Data           2  main.o(.data)
    i                                        0x2000012c   Data           2  main.o(.data)
    j                                        0x2000012e   Data           2  main.o(.data)
    wind_timeout                             0x20000130   Data           2  main.o(.data)
    test_mode_timeout                        0x20000132   Data           2  main.o(.data)
    temp_time                                0x20000134   Data           2  main.o(.data)
    st_type                                  0x20000136   Data           1  main.o(.data)
    pwr_existence                            0x20000137   Data           1  main.o(.data)
    fc_on_time                               0x20000138   Data           1  main.o(.data)
    fc_off_time                              0x20000139   Data           1  main.o(.data)
    cur_minute                               0x2000013a   Data           1  main.o(.data)
    save_door_state                          0x2000013b   Data           1  main.o(.data)
    valid_door_flag                          0x2000013c   Data           1  main.o(.data)
    cur_resend                               0x2000013d   Data           1  main.o(.data)
    rain_sensor_type                         0x2000013e   Data           1  main.o(.data)
    fc_delay                                 0x2000013f   Data           1  main.o(.data)
    temp_type                                0x20000140   Data           1  main.o(.data)
    sound_number                             0x20000141   Data           1  main.o(.data)
    WindSensorType                           0x20000142   Data           1  main.o(.data)
    password                                 0x20000144   Data           2  main.o(.data)
    input_pass                               0x20000146   Data           2  main.o(.data)
    alarm                                    0x20000148   Data           2  main.o(.data)
    log_time                                 0x2000014a   Data           2  main.o(.data)
    next_log_time                            0x2000014c   Data           2  main.o(.data)
    sample_count                             0x2000014e   Data           2  main.o(.data)
    start_time                               0x20000150   Data           2  main.o(.data)
    stop_time                                0x20000152   Data           2  main.o(.data)
    WaterSensorTime                          0x20000154   Data           2  main.o(.data)
    DisplayTime                              0x20000156   Data           2  main.o(.data)
    wind_dir                                 0x20000158   Data           2  main.o(.data)
    cur_wind_dir                             0x2000015a   Data           2  main.o(.data)
    wind_speed                               0x2000015c   Data           2  main.o(.data)
    cur_wind_speed                           0x2000015e   Data           2  main.o(.data)
    LogParameters                            0x20000160   Data           2  main.o(.data)
    time24                                   0x20000162   Data           2  main.o(.data)
    write_adr                                0x20000164   Data           4  main.o(.data)
    read_adr                                 0x20000168   Data           4  main.o(.data)
    data_ir                                  0x2000016c   Data           4  main.o(.data)
    ext_device                               0x20000170   Data           4  main.o(.data)
    AirPressure                              0x20000174   Data           4  main.o(.data)
    cur_air_pressure                         0x20000178   Data           4  main.o(.data)
    wind_time                                0x2000017c   Data           4  main.o(.data)
    WindAlpha                                0x20000180   Data           4  main.o(.data)
    WindBeta                                 0x20000184   Data           4  main.o(.data)
    AirAlpha                                 0x20000188   Data           4  main.o(.data)
    AirBeta                                  0x2000018c   Data           4  main.o(.data)
    utp                                      0x20000190   Data           4  main.o(.data)
    ltp                                      0x20000194   Data           4  main.o(.data)
    rain_level                               0x20000198   Data           4  main.o(.data)
    cur_rain_level                           0x2000019c   Data           4  main.o(.data)
    last_rain_level                          0x200001a0   Data           4  main.o(.data)
    delta_rain_level                         0x200001a4   Data           4  main.o(.data)
    rain_time                                0x200001a8   Data           4  main.o(.data)
    minute_rain                              0x200001ac   Data           4  main.o(.data)
    rain_sum                                 0x200001b0   Data           4  main.o(.data)
    rain_register_index                      0x200001b4   Data           1  main.o(.data)
    RainRstTime                              0x200001b6   Data           2  main.o(.data)
    RainRstFlag                              0x200001b8   Data           2  main.o(.data)
    minute_rain_cou                          0x200001ba   Data           2  main.o(.data)
    heater_control                           0x200001bc   Data           1  main.o(.data)
    heater_temp                              0x200001bd   Data           1  main.o(.data)
    ADC1Scale                                0x200001c0   Data           4  main.o(.data)
    ADC2Scale                                0x200001c4   Data           4  main.o(.data)
    ADC3Scale                                0x200001c8   Data           4  main.o(.data)
    ADC4Scale                                0x200001cc   Data           4  main.o(.data)
    ADC5Scale                                0x200001d0   Data           4  main.o(.data)
    currentScale                             0x200001d4   Data           4  main.o(.data)
    WaterSensorType                          0x200001d8   Data           1  main.o(.data)
    water_level                              0x200001da   Data           2  main.o(.data)
    last_water_level                         0x200001dc   Data           2  main.o(.data)
    delta_water_level                        0x200001de   Data           2  main.o(.data)
    cur_water_level_display                  0x200001e0   Data           2  main.o(.data)
    max_water_level                          0x200001e2   Data           2  main.o(.data)
    min_water_level                          0x200001e4   Data           2  main.o(.data)
    SensorLevel                              0x200001e6   Data           2  main.o(.data)
    RotaryResolution                         0x200001e8   Data           2  main.o(.data)
    RotaryDiameter                           0x200001ea   Data           2  main.o(.data)
    RotaryScale                              0x200001ec   Data           2  main.o(.data)
    cur_water_level                          0x200001ee   Data           2  main.o(.data)
    Imin                                     0x200001f0   Data           4  main.o(.data)
    Imax                                     0x200001f4   Data           4  main.o(.data)
    SetLevelBar_count                        0x200001f8   Data           2  main.o(.data)
    SetLevelBar_timeout                      0x200001fa   Data           2  main.o(.data)
    wifi_rec_index                           0x200001fc   Data           1  main.o(.data)
    PictureSize                              0x20000200   Data           4  main.o(.data)
    PictureSizeCounter                       0x20000204   Data           4  main.o(.data)
    TakePictureCount                         0x20000208   Data           4  main.o(.data)
    CamRecLen                                0x2000020c   Data           4  main.o(.data)
    camera_log_time                          0x20000210   Data           4  main.o(.data)
    CamBufOvf                                0x20000214   Data           1  main.o(.data)
    PictureRecProcess                        0x20000215   Data           1  main.o(.data)
    rs485_select                             0x20000216   Data           1  main.o(.data)
    gprs_first_connect                       0x20000217   Data           1  main.o(.data)
    gprs_auto_upload                         0x20000218   Data           1  main.o(.data)
    AC1                                      0x2000021a   Data           2  main.o(.data)
    AC2                                      0x2000021c   Data           2  main.o(.data)
    AC3                                      0x2000021e   Data           2  main.o(.data)
    B1                                       0x20000220   Data           2  main.o(.data)
    B2                                       0x20000222   Data           2  main.o(.data)
    MB                                       0x20000224   Data           2  main.o(.data)
    MC                                       0x20000226   Data           2  main.o(.data)
    MD                                       0x20000228   Data           2  main.o(.data)
    AC4                                      0x2000022a   Data           2  main.o(.data)
    AC5                                      0x2000022c   Data           2  main.o(.data)
    AC6                                      0x2000022e   Data           2  main.o(.data)
    B3                                       0x20000230   Data           4  main.o(.data)
    P                                        0x20000234   Data           4  main.o(.data)
    temp_in                                  0x20000238   Data           1  main.o(.data)
    cur_temp_in                              0x20000239   Data           1  main.o(.data)
    temp_out                                 0x2000023a   Data           1  main.o(.data)
    cur_temp_out                             0x2000023b   Data           1  main.o(.data)
    temp_difference                          0x2000023c   Data           1  main.o(.data)
    T_low                                    0x2000023d   Data           1  main.o(.data)
    T_hi                                     0x2000023e   Data           1  main.o(.data)
    sht_send_buffer                          0x2000023f   Data           5  main.o(.data)
    temp_rec_len                             0x20000244   Data           1  main.o(.data)
    humidity                                 0x20000245   Data           1  main.o(.data)
    usart2_rx                                0x20000246   Data           2  main.o(.data)
    usart3_rx                                0x20000248   Data           2  main.o(.data)
    gsm_off_time                             0x2000024a   Data           1  main.o(.data)
    SmsSendFlag                              0x2000024b   Data           1  main.o(.data)
    CUSD_cnt                                 0x2000024c   Data           1  main.o(.data)
    gsm_signal                               0x2000024d   Data           1  main.o(.data)
    SMS_number                               0x2000024e   Data           1  main.o(.data)
    ftp_path_separator                       0x2000024f   Data           1  main.o(.data)
    SimCount                                 0x20000250   Data           2  main.o(.data)
    SmsSendTime                              0x20000252   Data           2  main.o(.data)
    SimRecLen                                0x20000254   Data           2  main.o(.data)
    user_sms_count                           0x20000256   Data           2  main.o(.data)
    user_sms_timeout                         0x20000258   Data           2  main.o(.data)
    gprs_upload_time                         0x2000025a   Data           2  main.o(.data)
    number_limit                             0x2000025c   Data           1  main.o(.data)
    number_limit_index                       0x2000025d   Data           1  main.o(.data)
    rec_data                                 0x20000260   Data           4  main.o(.data)
    data                                     0x20000264   Data           4  main.o(.data)
    endptr                                   0x20000268   Data           4  main.o(.data)
    sms_pointer                              0x2000026c   Data           4  main.o(.data)
    sms_pointer1                             0x20000270   Data           4  main.o(.data)
    str_point                                0x20000274   Data           4  main.o(.data)
    SDPath                                   0x20000278   Data           4  main.o(.data)
    res                                      0x2000027c   Data           1  main.o(.data)
    FatBytesWritten                          0x20000280   Data           4  main.o(.data)
    FatBytesRead                             0x20000284   Data           4  main.o(.data)
    flag                                     0x20000288   Data           8  main.o(.data)
    command_ir                               0x200002a1   Data           1  ir.o(.data)
    bat_v                                    0x200002a4   Data           4  ir.o(.data)
    sol_v                                    0x200002a8   Data           4  ir.o(.data)
    v_int                                    0x200002ac   Data           1  ir.o(.data)
    v_float                                  0x200002ad   Data           1  ir.o(.data)
    temp_val                                 0x200002ae   Data           1  ir.o(.data)
    temp                                     0x200002af   Data           1  ir.o(.data)
    UTP_H                                    0x200002b0   Data           1  ir.o(.data)
    UTP_L                                    0x200002b1   Data           1  ir.o(.data)
    LTP_H                                    0x200002b2   Data           1  ir.o(.data)
    LTP_L                                    0x200002b3   Data           1  ir.o(.data)
    prim_password                            0x200002b4   Data           2  ir.o(.data)
    prim_station_address                     0x200002b6   Data           2  ir.o(.data)
    max_water_val                            0x200002b8   Data           2  ir.o(.data)
    min_water_val                            0x200002ba   Data           2  ir.o(.data)
    prim_water_level                         0x200002bc   Data           2  ir.o(.data)
    key                                      0x200002be   Data           1  ir.o(.data)
    start_key                                0x200002bf   Data           1  ir.o(.data)
    end_key                                  0x200002c0   Data           1  ir.o(.data)
    prim_T_low                               0x200002c1   Data           1  ir.o(.data)
    prim_T_hi                                0x200002c2   Data           1  ir.o(.data)
    prim_clock                               0x200002c4   Data           8  ir.o(.data)
    adc_temp                                 0x200002cc   Data           4  ir.o(.data)
    key_pressed                              0x200002d0   Data           1  ir.o(.data)
    lcdprocess                               0x200002d1   Data           1  lcdlib.o(.data)
    iYear                                    0x200002d2   Data           2  rtc.o(.data)
    iMonth                                   0x200002d4   Data           2  rtc.o(.data)
    iDay                                     0x200002d6   Data           2  rtc.o(.data)
    temp_clock                               0x200002d8   Data           8  rtc.o(.data)
    stat                                     0x200002e0   Data           1  rtc.o(.data)
    i2c_stat                                 0x200002e1   Data           1  rtc.o(.data)
    retSD                                    0x200002e2   Data           1  fatfs.o(.data)
    SD_Path                                  0x200002e3   Data           4  fatfs.o(.data)
    USBD_MSC                                 0x200002e8   Data          56  usbd_msc.o(.data)
    USBD_MSC_CfgHSDesc                       0x20000320   Data          32  usbd_msc.o(.data)
    USBD_MSC_CfgFSDesc                       0x20000340   Data          32  usbd_msc.o(.data)
    USBD_MSC_OtherSpeedCfgDesc               0x20000360   Data          32  usbd_msc.o(.data)
    USBD_MSC_DeviceQualifierDesc             0x20000380   Data          10  usbd_msc.o(.data)
    __microlib_freelist                      0x20000394   Data           4  mvars.o(.data)
    __microlib_freelist_initialised          0x20000398   Data           4  mvars.o(.data)
    hpcd_USB_OTG_FS                          0x200003a0   Data        1008  usbd_conf.o(.bss)
    USBD_StrDesc                             0x20000790   Data         512  usbd_desc.o(.bss)
    hadc1                                    0x20000990   Data          72  main.o(.bss)
    hadc3                                    0x200009d8   Data          72  main.o(.bss)
    hi2c1                                    0x20000a20   Data          84  main.o(.bss)
    hi2c2                                    0x20000a74   Data          84  main.o(.bss)
    hiwdg                                    0x20000ac8   Data          12  main.o(.bss)
    hsd                                      0x20000ad4   Data         132  main.o(.bss)
    htim1                                    0x20000b58   Data          60  main.o(.bss)
    htim2                                    0x20000b94   Data          60  main.o(.bss)
    htim3                                    0x20000bd0   Data          60  main.o(.bss)
    htim4                                    0x20000c0c   Data          60  main.o(.bss)
    htim6                                    0x20000c48   Data          60  main.o(.bss)
    huart1                                   0x20000c84   Data          64  main.o(.bss)
    huart2                                   0x20000cc4   Data          64  main.o(.bss)
    huart3                                   0x20000d04   Data          64  main.o(.bss)
    hdma_usart2_rx                           0x20000d44   Data          96  main.o(.bss)
    adConfig                                 0x20000da4   Data          16  main.o(.bss)
    button                                   0x20000db4   Data          80  main.o(.bss)
    rain_register                            0x20000e04   Data          80  main.o(.bss)
    wifi_rec_buffer                          0x20000e54   Data         250  main.o(.bss)
    wifi_send_buffer                         0x20000f4e   Data         250  main.o(.bss)
    CameraBuffer                             0x20001048   Data         550  main.o(.bss)
    CameraBuffer1                            0x2000126e   Data         550  main.o(.bss)
    MemBuf                                   0x20001494   Data       60000  main.o(.bss)
    server_url                               0x2000fef4   Data          50  main.o(.bss)
    server_username                          0x2000ff26   Data          30  main.o(.bss)
    server_password                          0x2000ff44   Data          20  main.o(.bss)
    server_filename                          0x2000ff58   Data          50  main.o(.bss)
    server_path                              0x2000ff8a   Data         100  main.o(.bss)
    apn_name                                 0x2000ffee   Data          30  main.o(.bss)
    temp_filename                            0x2001000c   Data          40  main.o(.bss)
    sht_rec_buffer                           0x20010034   Data          15  main.o(.bss)
    thali_buf                                0x20010043   Data          20  main.o(.bss)
    p_rec_buf                                0x20010057   Data          15  main.o(.bss)
    p_send_bufer                             0x20010066   Data          15  main.o(.bss)
    fc301d_send_buffer                       0x20010075   Data         255  main.o(.bss)
    fc301d_rec_buffer                        0x20010174   Data         255  main.o(.bss)
    log_buffer                               0x20010273   Data         100  main.o(.bss)
    base_address                             0x200102d7   Data          30  main.o(.bss)
    log_header                               0x200102f5   Data          20  main.o(.bss)
    buf                                      0x20010309   Data         255  main.o(.bss)
    SimSendBuffer                            0x20010408   Data         255  main.o(.bss)
    SimRecBuffer                             0x20010507   Data         255  main.o(.bss)
    ServerPhone                              0x20010606   Data          30  main.o(.bss)
    RemotePhone                              0x20010624   Data          30  main.o(.bss)
    SMS_text                                 0x20010642   Data         255  main.o(.bss)
    ChargeReqStr                             0x20010741   Data          30  main.o(.bss)
    gprs_buffer                              0x2001075f   Data         250  main.o(.bss)
    AdminMobile                              0x20010859   Data          30  main.o(.bss)
    upload_time_table                        0x20010878   Data          10  main.o(.bss)
    input_number_str                         0x20010882   Data          20  main.o(.bss)
    SDFatFs                                  0x20010898   Data         560  main.o(.bss)
    Fatfs                                    0x20010ac8   Data         560  main.o(.bss)
    File                                     0x20010cf8   Data        1112  main.o(.bss)
    dir                                      0x20011150   Data        2720  main.o(.bss)
    play_buffer                              0x20011bf0   Data          20  main.o(.bss)
    hUsbDeviceFS                             0x20011c04   Data         548  usb_device.o(.bss)
    ServerPhone_temp                         0x20011e28   Data          30  ir.o(.bss)
    flag_ir                                  0x20011e46   Data          10  ir.o(.bss)
    str                                      0x20011e50   Data         420  ir.o(.bss)
    GPIO_InitStruct                          0x20011ff4   Data          20  sdi12.o(.bss)
    disk                                     0x20012008   Data          12  ff_gen_drv.o(.bss)
    __heap_base                              0x20012030   Data           0  startup_stm32f407xx.o(HEAP)
    __heap_limit                             0x20014030   Data           0  startup_stm32f407xx.o(HEAP)
    __initial_sp                             0x20018030   Data           0  startup_stm32f407xx.o(STACK)



==============================================================================

Memory Map of the image

  Image Entry point : 0x0800c189

  Load Region LR_IROM1 (Base: 0x0800c000, Size: 0x0001c0bc, Max: 0x00100000, ABSOLUTE, COMPRESSED[0x0001be04])

    Execution Region ER_IROM1 (Base: 0x0800c000, Size: 0x0001bd1c, Max: 0x00100000, ABSOLUTE)

    Base Addr    Size         Type   Attr      Idx    E Section Name        Object

    0x0800c000   0x00000188   Data   RO         7083    RESET               startup_stm32f407xx.o
    0x0800c188   0x00000000   Code   RO         7669  * .ARM.Collect$$$$00000000  mc_w.l(entry.o)
    0x0800c188   0x00000004   Code   RO         8012    .ARM.Collect$$$$00000001  mc_w.l(entry2.o)
    0x0800c18c   0x00000004   Code   RO         8015    .ARM.Collect$$$$00000004  mc_w.l(entry5.o)
    0x0800c190   0x00000000   Code   RO         8017    .ARM.Collect$$$$00000008  mc_w.l(entry7b.o)
    0x0800c190   0x00000000   Code   RO         8019    .ARM.Collect$$$$0000000A  mc_w.l(entry8b.o)
    0x0800c190   0x00000008   Code   RO         8020    .ARM.Collect$$$$0000000B  mc_w.l(entry9a.o)
    0x0800c198   0x00000000   Code   RO         8022    .ARM.Collect$$$$0000000D  mc_w.l(entry10a.o)
    0x0800c198   0x00000000   Code   RO         8024    .ARM.Collect$$$$0000000F  mc_w.l(entry11a.o)
    0x0800c198   0x00000004   Code   RO         8013    .ARM.Collect$$$$00002712  mc_w.l(entry2.o)
    0x0800c19c   0x00000024   Code   RO         7084    .text               startup_stm32f407xx.o
    0x0800c1c0   0x00000024   Code   RO         7672    .text               mc_w.l(memcpya.o)
    0x0800c1e4   0x00000018   Code   RO         7674    .text               mc_w.l(strcat.o)
    0x0800c1fc   0x0000000e   Code   RO         7676    .text               mc_w.l(strlen.o)
    0x0800c20a   0x0000001c   Code   RO         7678    .text               mc_w.l(strcmp.o)
    0x0800c226   0x0000001a   Code   RO         7680    .text               mc_w.l(memcmp.o)
    0x0800c240   0x00000012   Code   RO         7682    .text               mc_w.l(strcpy.o)
    0x0800c252   0x00000070   Code   RO         7975    .text               mc_w.l(strtol.o)
    0x0800c2c2   0x0000014e   Code   RO         7977    .text               mf_w.l(dadd.o)
    0x0800c410   0x000000e4   Code   RO         7979    .text               mf_w.l(dmul.o)
    0x0800c4f4   0x000000de   Code   RO         7981    .text               mf_w.l(ddiv.o)
    0x0800c5d2   0x00000026   Code   RO         7991    .text               mf_w.l(f2d.o)
    0x0800c5f8   0x00000028   Code   RO         7993    .text               mf_w.l(cdcmple.o)
    0x0800c620   0x00000028   Code   RO         7995    .text               mf_w.l(cdrcmple.o)
    0x0800c648   0x00000038   Code   RO         7997    .text               mf_w.l(d2f.o)
    0x0800c680   0x0000002c   Code   RO         8029    .text               mc_w.l(uidiv.o)
    0x0800c6ac   0x00000062   Code   RO         8031    .text               mc_w.l(uldiv.o)
    0x0800c70e   0x0000001e   Code   RO         8033    .text               mc_w.l(llshl.o)
    0x0800c72c   0x00000020   Code   RO         8035    .text               mc_w.l(llushr.o)
    0x0800c74c   0x00000024   Code   RO         8037    .text               mc_w.l(llsshr.o)
    0x0800c770   0x00000008   Code   RO         8039    .text               mc_w.l(ctype_o.o)
    0x0800c778   0x0000009e   Code   RO         8076    .text               mc_w.l(_strtoul.o)
    0x0800c816   0x00000000   Code   RO         8078    .text               mc_w.l(iusefp.o)
    0x0800c816   0x0000006c   Code   RO         8079    .text               mf_w.l(fepilogue.o)
    0x0800c882   0x000000be   Code   RO         8081    .text               mf_w.l(depilogue.o)
    0x0800c940   0x00000030   Code   RO         8087    .text               mf_w.l(dfixul.o)
    0x0800c970   0x00000024   Code   RO         8089    .text               mc_w.l(init.o)
    0x0800c994   0x0000001c   Code   RO         8092    .text               mc_w.l(_chval.o)
    0x0800c9b0   0x0000005c   Code   RO         8103    .text               mc_w.l(__dczerorl2.o)
    0x0800ca0c   0x0000016c   Code   RO            7    i.ADC_Init          stm32f4xx_hal_adc.o
    0x0800cb78   0x00000bac   Code   RO         5477    i.ADCcalib_routin   ir.o
    0x0800d724   0x00000014   Code   RO         6400    i.BSP_SD_GetCardInfo  bsp_driver_sd.o
    0x0800d738   0x00000018   Code   RO         6401    i.BSP_SD_GetCardState  bsp_driver_sd.o
    0x0800d750   0x00000030   Code   RO         6404    i.BSP_SD_Init       bsp_driver_sd.o
    0x0800d780   0x0000000c   Code   RO         6405    i.BSP_SD_IsDetected  bsp_driver_sd.o
    0x0800d78c   0x00000030   Code   RO         6406    i.BSP_SD_ReadBlocks  bsp_driver_sd.o
    0x0800d7bc   0x00000030   Code   RO         6408    i.BSP_SD_WriteBlocks  bsp_driver_sd.o
    0x0800d7ec   0x0000004c   Code   RO         5283    i.BinToStr          gsm.o
    0x0800d838   0x00000004   Code   RO         4359    i.BusFault_Handler  stm32f4xx_it.o
    0x0800d83c   0x0000002c   Code   RO         5284    i.CharSearch        gsm.o
    0x0800d868   0x00000022   Code   RO         5285    i.CharSearch_str    gsm.o
    0x0800d88a   0x00000002   PAD
    0x0800d88c   0x00000010   Code   RO         4360    i.DMA1_Stream5_IRQHandler  stm32f4xx_it.o
    0x0800d89c   0x00000034   Code   RO         3559    i.DMA_CalcBaseAndBitshift  stm32f4xx_hal_dma.o
    0x0800d8d0   0x000000aa   Code   RO         3560    i.DMA_CheckFifoParam  stm32f4xx_hal_dma.o
    0x0800d97a   0x0000002c   Code   RO         3561    i.DMA_SetConfig     stm32f4xx_hal_dma.o
    0x0800d9a6   0x00000002   Code   RO         4361    i.DebugMon_Handler  stm32f4xx_it.o
    0x0800d9a8   0x00000020   Code   RO         5955    i.DelaytimerUS      my_delay.o
    0x0800d9c8   0x00000014   Code   RO         4362    i.EXTI15_10_IRQHandler  stm32f4xx_it.o
    0x0800d9dc   0x0000000a   Code   RO         4363    i.EXTI2_IRQHandler  stm32f4xx_it.o
    0x0800d9e6   0x0000000c   Code   RO         4364    i.EXTI9_5_IRQHandler  stm32f4xx_it.o
    0x0800d9f2   0x00000012   Code   RO         7123    i.FATFS_LinkDriver  ff_gen_drv.o
    0x0800da04   0x00000054   Code   RO         7124    i.FATFS_LinkDriverEx  ff_gen_drv.o
    0x0800da58   0x000001f8   Code   RO         5790    i.FindLog           main_func.o
    0x0800dc50   0x00000144   Code   RO         5286    i.GsmInit           gsm.o
    0x0800dd94   0x00000038   Code   RO         5287    i.GsmSend           gsm.o
    0x0800ddcc   0x00000034   Code   RO         5288    i.GsmSendByte       gsm.o
    0x0800de00   0x000004ec   Code   RO         5478    i.GsmSetting        ir.o
    0x0800e2ec   0x0000018c   Code   RO            9    i.HAL_ADC_ConfigChannel  stm32f4xx_hal_adc.o
    0x0800e478   0x00000008   Code   RO           16    i.HAL_ADC_GetValue  stm32f4xx_hal_adc.o
    0x0800e480   0x00000068   Code   RO           18    i.HAL_ADC_Init      stm32f4xx_hal_adc.o
    0x0800e4e8   0x00000098   Code   RO         4724    i.HAL_ADC_MspInit   stm32f4xx_hal_msp.o
    0x0800e580   0x000000ba   Code   RO           22    i.HAL_ADC_PollForConversion  stm32f4xx_hal_adc.o
    0x0800e63a   0x00000002   PAD
    0x0800e63c   0x000000fc   Code   RO           24    i.HAL_ADC_Start     stm32f4xx_hal_adc.o
    0x0800e738   0x00000028   Code   RO         3563    i.HAL_DMA_Abort_IT  stm32f4xx_hal_dma.o
    0x0800e760   0x00000240   Code   RO         3567    i.HAL_DMA_IRQHandler  stm32f4xx_hal_dma.o
    0x0800e9a0   0x000000ec   Code   RO         3568    i.HAL_DMA_Init      stm32f4xx_hal_dma.o
    0x0800ea8c   0x0000009e   Code   RO         3572    i.HAL_DMA_Start_IT  stm32f4xx_hal_dma.o
    0x0800eb2a   0x0000001e   Code   RO         2235    i.HAL_Delay         stm32f4xx_hal.o
    0x0800eb48   0x00000164   Code   RO         2121    i.HAL_GPIO_DeInit   stm32f4xx_hal_gpio.o
    0x0800ecac   0x00000344   Code   RO         5419    i.HAL_GPIO_EXTI_Callback  interrupt.o
    0x0800eff0   0x0000001c   Code   RO         2123    i.HAL_GPIO_EXTI_IRQHandler  stm32f4xx_hal_gpio.o
    0x0800f00c   0x00000200   Code   RO         2124    i.HAL_GPIO_Init     stm32f4xx_hal_gpio.o
    0x0800f20c   0x0000000c   Code   RO         2128    i.HAL_GPIO_WritePin  stm32f4xx_hal_gpio.o
    0x0800f218   0x0000000c   Code   RO         2241    i.HAL_GetTick       stm32f4xx_hal.o
    0x0800f224   0x00000128   Code   RO         1594    i.HAL_I2C_Init      stm32f4xx_hal_i2c.o
    0x0800f34c   0x00000328   Code   RO         1610    i.HAL_I2C_Mem_Read  stm32f4xx_hal_i2c.o
    0x0800f674   0x00000188   Code   RO         1613    i.HAL_I2C_Mem_Write  stm32f4xx_hal_i2c.o
    0x0800f7fc   0x000000a8   Code   RO         4726    i.HAL_I2C_MspInit   stm32f4xx_hal_msp.o
    0x0800f8a4   0x00000050   Code   RO         3665    i.HAL_IWDG_Init     stm32f4xx_hal_iwdg.o
    0x0800f8f4   0x0000000e   Code   RO         3666    i.HAL_IWDG_Refresh  stm32f4xx_hal_iwdg.o
    0x0800f902   0x00000002   PAD
    0x0800f904   0x00000010   Code   RO         2243    i.HAL_IncTick       stm32f4xx_hal.o
    0x0800f914   0x0000003c   Code   RO         2244    i.HAL_Init          stm32f4xx_hal.o
    0x0800f950   0x00000028   Code   RO         2245    i.HAL_InitTick      stm32f4xx_hal.o
    0x0800f978   0x00000056   Code   RO         4727    i.HAL_MspInit       stm32f4xx_hal_msp.o
    0x0800f9ce   0x00000002   PAD
    0x0800f9d0   0x0000001c   Code   RO         2895    i.HAL_NVIC_DisableIRQ  stm32f4xx_hal_cortex.o
    0x0800f9ec   0x0000001c   Code   RO         2896    i.HAL_NVIC_EnableIRQ  stm32f4xx_hal_cortex.o
    0x0800fa08   0x0000007c   Code   RO         2902    i.HAL_NVIC_SetPriority  stm32f4xx_hal_cortex.o
    0x0800fa84   0x00000028   Code   RO         2903    i.HAL_NVIC_SetPriorityGrouping  stm32f4xx_hal_cortex.o
    0x0800faac   0x00000044   Code   RO         2904    i.HAL_NVIC_SystemReset  stm32f4xx_hal_cortex.o
    0x0800faf0   0x0000000a   Code   RO         2381    i.HAL_PCDEx_SetRxFiFo  stm32f4xx_hal_pcd_ex.o
    0x0800fafa   0x00000052   Code   RO         2382    i.HAL_PCDEx_SetTxFiFo  stm32f4xx_hal_pcd_ex.o
    0x0800fb4c   0x0000000e   Code   RO         4534    i.HAL_PCD_ConnectCallback  usbd_conf.o
    0x0800fb5a   0x00000020   Code   RO         4535    i.HAL_PCD_DataInStageCallback  usbd_conf.o
    0x0800fb7a   0x00000020   Code   RO         4536    i.HAL_PCD_DataOutStageCallback  usbd_conf.o
    0x0800fb9a   0x0000000e   Code   RO         4537    i.HAL_PCD_DisconnectCallback  usbd_conf.o
    0x0800fba8   0x0000006a   Code   RO         2420    i.HAL_PCD_EP_Close  stm32f4xx_hal_pcd.o
    0x0800fc12   0x00000068   Code   RO         2421    i.HAL_PCD_EP_ClrStall  stm32f4xx_hal_pcd.o
    0x0800fc7a   0x00000044   Code   RO         2422    i.HAL_PCD_EP_Flush  stm32f4xx_hal_pcd.o
    0x0800fcbe   0x00000018   Code   RO         2423    i.HAL_PCD_EP_GetRxCount  stm32f4xx_hal_pcd.o
    0x0800fcd6   0x0000008c   Code   RO         2424    i.HAL_PCD_EP_Open   stm32f4xx_hal_pcd.o
    0x0800fd62   0x00000058   Code   RO         2425    i.HAL_PCD_EP_Receive  stm32f4xx_hal_pcd.o
    0x0800fdba   0x0000007a   Code   RO         2426    i.HAL_PCD_EP_SetStall  stm32f4xx_hal_pcd.o
    0x0800fe34   0x0000005a   Code   RO         2427    i.HAL_PCD_EP_Transmit  stm32f4xx_hal_pcd.o
    0x0800fe8e   0x00000002   PAD
    0x0800fe90   0x00000690   Code   RO         2429    i.HAL_PCD_IRQHandler  stm32f4xx_hal_pcd.o
    0x08010520   0x00000012   Code   RO         4538    i.HAL_PCD_ISOINIncompleteCallback  usbd_conf.o
    0x08010532   0x00000012   Code   RO         4539    i.HAL_PCD_ISOOUTIncompleteCallback  usbd_conf.o
    0x08010544   0x00000142   Code   RO         2432    i.HAL_PCD_Init      stm32f4xx_hal_pcd.o
    0x08010686   0x00000002   PAD
    0x08010688   0x0000007c   Code   RO         4541    i.HAL_PCD_MspInit   usbd_conf.o
    0x08010704   0x00000032   Code   RO         4542    i.HAL_PCD_ResetCallback  usbd_conf.o
    0x08010736   0x0000000e   Code   RO         4543    i.HAL_PCD_ResumeCallback  usbd_conf.o
    0x08010744   0x0000000e   Code   RO         4544    i.HAL_PCD_SOFCallback  usbd_conf.o
    0x08010752   0x00000032   Code   RO         2438    i.HAL_PCD_SetAddress  stm32f4xx_hal_pcd.o
    0x08010784   0x00000012   Code   RO         4545    i.HAL_PCD_SetupStageCallback  usbd_conf.o
    0x08010796   0x00000034   Code   RO         2440    i.HAL_PCD_Start     stm32f4xx_hal_pcd.o
    0x080107ca   0x00000002   PAD
    0x080107cc   0x00000034   Code   RO         4546    i.HAL_PCD_SuspendCallback  usbd_conf.o
    0x08010800   0x000001cc   Code   RO         3050    i.HAL_RCC_ClockConfig  stm32f4xx_hal_rcc.o
    0x080109cc   0x0000000c   Code   RO         3055    i.HAL_RCC_GetHCLKFreq  stm32f4xx_hal_rcc.o
    0x080109d8   0x0000002c   Code   RO         3057    i.HAL_RCC_GetPCLK1Freq  stm32f4xx_hal_rcc.o
    0x08010a04   0x0000002c   Code   RO         3058    i.HAL_RCC_GetPCLK2Freq  stm32f4xx_hal_rcc.o
    0x08010a30   0x000000b4   Code   RO         3059    i.HAL_RCC_GetSysClockFreq  stm32f4xx_hal_rcc.o
    0x08010ae4   0x00000448   Code   RO         3062    i.HAL_RCC_OscConfig  stm32f4xx_hal_rcc.o
    0x08010f2c   0x000000a8   Code   RO         3974    i.HAL_SD_ConfigWideBusOperation  stm32f4xx_hal_sd.o
    0x08010fd4   0x000001f4   Code   RO         3979    i.HAL_SD_GetCardCSD  stm32f4xx_hal_sd.o
    0x080111c8   0x00000026   Code   RO         3980    i.HAL_SD_GetCardInfo  stm32f4xx_hal_sd.o
    0x080111ee   0x00000028   Code   RO         3981    i.HAL_SD_GetCardState  stm32f4xx_hal_sd.o
    0x08011216   0x00000036   Code   RO         3986    i.HAL_SD_Init       stm32f4xx_hal_sd.o
    0x0801124c   0x00000084   Code   RO         3987    i.HAL_SD_InitCard   stm32f4xx_hal_sd.o
    0x080112d0   0x0000009c   Code   RO         4729    i.HAL_SD_MspInit    stm32f4xx_hal_msp.o
    0x0801136c   0x00000248   Code   RO         3990    i.HAL_SD_ReadBlocks  stm32f4xx_hal_sd.o
    0x080115b4   0x00000202   Code   RO         3995    i.HAL_SD_WriteBlocks  stm32f4xx_hal_sd.o
    0x080117b6   0x00000028   Code   RO         2905    i.HAL_SYSTICK_CLKSourceConfig  stm32f4xx_hal_cortex.o
    0x080117de   0x00000002   PAD
    0x080117e0   0x00000384   Code   RO         5421    i.HAL_SYSTICK_Callback  interrupt.o
    0x08011b64   0x00000034   Code   RO         2907    i.HAL_SYSTICK_Config  stm32f4xx_hal_cortex.o
    0x08011b98   0x00000008   Code   RO         2908    i.HAL_SYSTICK_IRQHandler  stm32f4xx_hal_cortex.o
    0x08011ba0   0x00000002   Code   RO          941    i.HAL_TIMEx_BreakCallback  stm32f4xx_hal_tim_ex.o
    0x08011ba2   0x00000002   Code   RO          942    i.HAL_TIMEx_CommutationCallback  stm32f4xx_hal_tim_ex.o
    0x08011ba4   0x00000062   Code   RO          958    i.HAL_TIMEx_MasterConfigSynchronization  stm32f4xx_hal_tim_ex.o
    0x08011c06   0x00000034   Code   RO          302    i.HAL_TIM_Base_Init  stm32f4xx_hal_tim.o
    0x08011c3a   0x00000002   PAD
    0x08011c3c   0x000000dc   Code   RO         4731    i.HAL_TIM_Base_MspInit  stm32f4xx_hal_msp.o
    0x08011d18   0x0000001e   Code   RO          305    i.HAL_TIM_Base_Start  stm32f4xx_hal_tim.o
    0x08011d36   0x0000001e   Code   RO          307    i.HAL_TIM_Base_Start_IT  stm32f4xx_hal_tim.o
    0x08011d54   0x00000132   Code   RO          311    i.HAL_TIM_ConfigClockSource  stm32f4xx_hal_tim.o
    0x08011e86   0x000000b4   Code   RO          320    i.HAL_TIM_Encoder_Init  stm32f4xx_hal_tim.o
    0x08011f3a   0x00000002   PAD
    0x08011f3c   0x0000005c   Code   RO         4733    i.HAL_TIM_Encoder_MspInit  stm32f4xx_hal_msp.o
    0x08011f98   0x00000002   Code   RO          331    i.HAL_TIM_IC_CaptureCallback  stm32f4xx_hal_tim.o
    0x08011f9a   0x00000196   Code   RO          344    i.HAL_TIM_IRQHandler  stm32f4xx_hal_tim.o
    0x08012130   0x00000002   Code   RO          347    i.HAL_TIM_OC_DelayElapsedCallback  stm32f4xx_hal_tim.o
    0x08012132   0x00000002   Code   RO          374    i.HAL_TIM_PWM_PulseFinishedCallback  stm32f4xx_hal_tim.o
    0x08012134   0x00000050   Code   RO         5422    i.HAL_TIM_PeriodElapsedCallback  interrupt.o
    0x08012184   0x00000002   Code   RO          385    i.HAL_TIM_TriggerCallback  stm32f4xx_hal_tim.o
    0x08012186   0x00000002   PAD
    0x08012188   0x00000034   Code   RO         5423    i.HAL_UART_ErrorCallback  interrupt.o
    0x080121bc   0x00000148   Code   RO         1258    i.HAL_UART_IRQHandler  stm32f4xx_hal_uart.o
    0x08012304   0x00000072   Code   RO         1259    i.HAL_UART_Init     stm32f4xx_hal_uart.o
    0x08012376   0x00000002   PAD
    0x08012378   0x00000190   Code   RO         4735    i.HAL_UART_MspInit  stm32f4xx_hal_msp.o
    0x08012508   0x000000c4   Code   RO         1263    i.HAL_UART_Receive_DMA  stm32f4xx_hal_uart.o
    0x080125cc   0x00000064   Code   RO         1264    i.HAL_UART_Receive_IT  stm32f4xx_hal_uart.o
    0x08012630   0x00000030   Code   RO         5424    i.HAL_UART_RxCpltCallback  interrupt.o
    0x08012660   0x00000002   Code   RO         1266    i.HAL_UART_RxHalfCpltCallback  stm32f4xx_hal_uart.o
    0x08012662   0x000000d6   Code   RO         1267    i.HAL_UART_Transmit  stm32f4xx_hal_uart.o
    0x08012738   0x00000002   Code   RO         1270    i.HAL_UART_TxCpltCallback  stm32f4xx_hal_uart.o
    0x0801273a   0x00000004   Code   RO         4365    i.HardFault_Handler  stm32f4xx_it.o
    0x0801273e   0x00000034   Code   RO         1632    i.I2C_IsAcknowledgeFailed  stm32f4xx_hal_i2c.o
    0x08012772   0x00000002   PAD
    0x08012774   0x00000158   Code   RO         1642    i.I2C_RequestMemoryRead  stm32f4xx_hal_i2c.o
    0x080128cc   0x000000e0   Code   RO         1643    i.I2C_RequestMemoryWrite  stm32f4xx_hal_i2c.o
    0x080129ac   0x00000056   Code   RO         1651    i.I2C_WaitOnBTFFlagUntilTimeout  stm32f4xx_hal_i2c.o
    0x08012a02   0x0000007c   Code   RO         1652    i.I2C_WaitOnFlagUntilTimeout  stm32f4xx_hal_i2c.o
    0x08012a7e   0x000000ac   Code   RO         1653    i.I2C_WaitOnMasterAddressFlagUntilTimeout  stm32f4xx_hal_i2c.o
    0x08012b2a   0x0000006e   Code   RO         1654    i.I2C_WaitOnRXNEFlagUntilTimeout  stm32f4xx_hal_i2c.o
    0x08012b98   0x00000056   Code   RO         1656    i.I2C_WaitOnTXEFlagUntilTimeout  stm32f4xx_hal_i2c.o
    0x08012bee   0x00000042   Code   RO         5635    i.LCDGotoXY         lcdlib.o
    0x08012c30   0x00000010   Code   RO         5637    i.LCDclr            lcdlib.o
    0x08012c40   0x00000018   Code   RO         5638    i.LCDcursorLeft     lcdlib.o
    0x08012c58   0x0000000a   Code   RO         5639    i.LCDcursorOFF      lcdlib.o
    0x08012c62   0x0000000a   Code   RO         5640    i.LCDcursorOn       lcdlib.o
    0x08012c6c   0x00000018   Code   RO         5642    i.LCDcursorRight    lcdlib.o
    0x08012c84   0x00000036   Code   RO         5643    i.LCDdefinechar     lcdlib.o
    0x08012cba   0x00000002   PAD
    0x08012cbc   0x00000150   Code   RO         5645    i.LCDinit           lcdlib.o
    0x08012e0c   0x00000094   Code   RO         5646    i.LCDport           lcdlib.o
    0x08012ea0   0x00000026   Code   RO         5648    i.LCDputs           lcdlib.o
    0x08012ec6   0x0000002a   Code   RO         5649    i.LCDputsf          lcdlib.o
    0x08012ef0   0x000000c4   Code   RO         5650    i.LCDsendChar       lcdlib.o
    0x08012fb4   0x00000078   Code   RO         5651    i.LCDsendCommand    lcdlib.o
    0x0801302c   0x00000034   Code   RO         5655    i.LcdPwrOff         lcdlib.o
    0x08013060   0x00000014   Code   RO         5656    i.LcdPwrOn          lcdlib.o
    0x08013074   0x00000042   Code   RO         6752    i.MSC_BOT_Abort     usbd_msc_bot.o
    0x080130b6   0x00000002   PAD
    0x080130b8   0x000000d0   Code   RO         6753    i.MSC_BOT_CBW_Decode  usbd_msc_bot.o
    0x08013188   0x00000036   Code   RO         6754    i.MSC_BOT_CplClrFeature  usbd_msc_bot.o
    0x080131be   0x0000004a   Code   RO         6755    i.MSC_BOT_DataIn    usbd_msc_bot.o
    0x08013208   0x00000040   Code   RO         6756    i.MSC_BOT_DataOut   usbd_msc_bot.o
    0x08013248   0x0000000a   Code   RO         6757    i.MSC_BOT_DeInit    usbd_msc_bot.o
    0x08013252   0x00000040   Code   RO         6758    i.MSC_BOT_Init      usbd_msc_bot.o
    0x08013292   0x00000020   Code   RO         6759    i.MSC_BOT_Reset     usbd_msc_bot.o
    0x080132b2   0x00000002   PAD
    0x080132b4   0x0000003c   Code   RO         6760    i.MSC_BOT_SendCSW   usbd_msc_bot.o
    0x080132f0   0x0000004c   Code   RO         6761    i.MSC_BOT_SendData  usbd_msc_bot.o
    0x0801333c   0x00000080   Code   RO         4887    i.MX_ADC1_Init      main.o
    0x080133bc   0x00000080   Code   RO         4888    i.MX_ADC3_Init      main.o
    0x0801343c   0x00000038   Code   RO         4889    i.MX_DMA_Init       main.o
    0x08013474   0x0000001c   Code   RO         6359    i.MX_FATFS_Init     fatfs.o
    0x08013490   0x00000298   Code   RO         4890    i.MX_GPIO_Init      main.o
    0x08013728   0x00000054   Code   RO         4891    i.MX_I2C1_Init      main.o
    0x0801377c   0x00000054   Code   RO         4892    i.MX_I2C2_Init      main.o
    0x080137d0   0x00000040   Code   RO         4893    i.MX_IWDG_Init      main.o
    0x08013810   0x00000024   Code   RO         4894    i.MX_SDIO_SD_Init   main.o
    0x08013834   0x00000088   Code   RO         4895    i.MX_TIM1_Init      main.o
    0x080138bc   0x00000080   Code   RO         4896    i.MX_TIM2_Init      main.o
    0x0801393c   0x00000080   Code   RO         4897    i.MX_TIM3_Init      main.o
    0x080139bc   0x00000080   Code   RO         4898    i.MX_TIM4_Init      main.o
    0x08013a3c   0x0000005c   Code   RO         4899    i.MX_TIM6_Init      main.o
    0x08013a98   0x0000004c   Code   RO         4900    i.MX_USART1_UART_Init  main.o
    0x08013ae4   0x0000004c   Code   RO         4901    i.MX_USART2_UART_Init  main.o
    0x08013b30   0x0000004c   Code   RO         4902    i.MX_USART3_UART_Init  main.o
    0x08013b7c   0x00000034   Code   RO         5048    i.MX_USB_DEVICE_Init  usb_device.o
    0x08013bb0   0x00000004   Code   RO         4366    i.MemManage_Handler  stm32f4xx_it.o
    0x08013bb4   0x000005e8   Code   RO         5480    i.MicrosonicSetting  ir.o
    0x0801419c   0x0000003e   Code   RO         5992    i.MiladiIsLeap      rtc.o
    0x080141da   0x00000002   PAD
    0x080141dc   0x00000150   Code   RO         5993    i.MiladiToShamsi    rtc.o
    0x0801432c   0x00000002   Code   RO         4367    i.NMI_Handler       stm32f4xx_it.o
    0x0801432e   0x00000002   PAD
    0x08014330   0x00000010   Code   RO         2909    i.NVIC_GetPriorityGrouping  stm32f4xx_hal_cortex.o
    0x08014340   0x00000028   Code   RO         2910    i.NVIC_SetPriority  stm32f4xx_hal_cortex.o
    0x08014368   0x00000010   Code   RO         4368    i.OTG_FS_IRQHandler  stm32f4xx_it.o
    0x08014378   0x000000a2   Code   RO         2443    i.PCD_WriteEmptyTxFifo  stm32f4xx_hal_pcd.o
    0x0801441a   0x00000002   Code   RO         4369    i.PendSV_Handler    stm32f4xx_it.o
    0x0801441c   0x000000f4   Code   RO         6305    i.READ_ADC          adc.o
    0x08014510   0x00000050   Code   RO         6156    i.RS485_send        usart.o
    0x08014560   0x000003f8   Code   RO         5481    i.RainSetting       ir.o
    0x08014958   0x000000e8   Code   RO         6124    i.ReadExtTemp       temperature.o
    0x08014a40   0x00000054   Code   RO         6239    i.ReadPinTimeout    sdi12.o
    0x08014a94   0x0000021c   Code   RO         5289    i.ReadSMS           gsm.o
    0x08014cb0   0x000002f8   Code   RO         5791    i.ReadSensorToStr   main_func.o
    0x08014fa8   0x000004b8   Code   RO         5482    i.RotarySetting     ir.o
    0x08015460   0x0000022c   Code   RO         5792    i.SARAMIN           main_func.o
    0x0801568c   0x00000032   Code   RO         6564    i.SCSI_CheckAddressRange  usbd_msc_scsi.o
    0x080156be   0x00000002   PAD
    0x080156c0   0x00000050   Code   RO         6565    i.SCSI_Inquiry      usbd_msc_scsi.o
    0x08015710   0x0000002c   Code   RO         6566    i.SCSI_ModeSense10  usbd_msc_scsi.o
    0x0801573c   0x0000002c   Code   RO         6567    i.SCSI_ModeSense6   usbd_msc_scsi.o
    0x08015768   0x000000e8   Code   RO         6568    i.SCSI_ProcessCmd   usbd_msc_scsi.o
    0x08015850   0x000000a4   Code   RO         6569    i.SCSI_ProcessRead  usbd_msc_scsi.o
    0x080158f4   0x000000be   Code   RO         6570    i.SCSI_ProcessWrite  usbd_msc_scsi.o
    0x080159b2   0x000000ec   Code   RO         6571    i.SCSI_Read10       usbd_msc_scsi.o
    0x08015a9e   0x00000080   Code   RO         6572    i.SCSI_ReadCapacity10  usbd_msc_scsi.o
    0x08015b1e   0x0000008a   Code   RO         6573    i.SCSI_ReadFormatCapacity  usbd_msc_scsi.o
    0x08015ba8   0x00000086   Code   RO         6574    i.SCSI_RequestSense  usbd_msc_scsi.o
    0x08015c2e   0x0000003a   Code   RO         6575    i.SCSI_SenseCode    usbd_msc_scsi.o
    0x08015c68   0x00000010   Code   RO         6576    i.SCSI_StartStopUnit  usbd_msc_scsi.o
    0x08015c78   0x00000056   Code   RO         6577    i.SCSI_TestUnitReady  usbd_msc_scsi.o
    0x08015cce   0x00000050   Code   RO         6578    i.SCSI_Verify10     usbd_msc_scsi.o
    0x08015d1e   0x0000012e   Code   RO         6579    i.SCSI_Write10      usbd_msc_scsi.o
    0x08015e4c   0x0000002c   Code   RO         3695    i.SDIO_ConfigData   stm32f4xx_ll_sdmmc.o
    0x08015e78   0x00000008   Code   RO         3696    i.SDIO_GetCommandResponse  stm32f4xx_ll_sdmmc.o
    0x08015e80   0x0000000a   Code   RO         3699    i.SDIO_GetPowerState  stm32f4xx_ll_sdmmc.o
    0x08015e8a   0x00000016   Code   RO         3700    i.SDIO_GetResponse  stm32f4xx_ll_sdmmc.o
    0x08015ea0   0x00000034   Code   RO         3701    i.SDIO_Init         stm32f4xx_ll_sdmmc.o
    0x08015ed4   0x0000000a   Code   RO         3703    i.SDIO_PowerState_ON  stm32f4xx_ll_sdmmc.o
    0x08015ede   0x00000008   Code   RO         3704    i.SDIO_ReadFIFO     stm32f4xx_ll_sdmmc.o
    0x08015ee6   0x00000028   Code   RO         3705    i.SDIO_SendCommand  stm32f4xx_ll_sdmmc.o
    0x08015f0e   0x0000000c   Code   RO         3707    i.SDIO_WriteFIFO    stm32f4xx_ll_sdmmc.o
    0x08015f1a   0x0000003a   Code   RO         3708    i.SDMMC_CmdAppCommand  stm32f4xx_ll_sdmmc.o
    0x08015f54   0x0000003c   Code   RO         3709    i.SDMMC_CmdAppOperCommand  stm32f4xx_ll_sdmmc.o
    0x08015f90   0x0000003a   Code   RO         3710    i.SDMMC_CmdBlockLength  stm32f4xx_ll_sdmmc.o
    0x08015fca   0x0000003a   Code   RO         3711    i.SDMMC_CmdBusWidth  stm32f4xx_ll_sdmmc.o
    0x08016004   0x0000002e   Code   RO         3715    i.SDMMC_CmdGoIdleState  stm32f4xx_ll_sdmmc.o
    0x08016032   0x00000036   Code   RO         3717    i.SDMMC_CmdOperCond  stm32f4xx_ll_sdmmc.o
    0x08016068   0x0000003a   Code   RO         3718    i.SDMMC_CmdReadMultiBlock  stm32f4xx_ll_sdmmc.o
    0x080160a2   0x0000003a   Code   RO         3719    i.SDMMC_CmdReadSingleBlock  stm32f4xx_ll_sdmmc.o
    0x080160dc   0x00000044   Code   RO         3722    i.SDMMC_CmdSelDesel  stm32f4xx_ll_sdmmc.o
    0x08016120   0x00000034   Code   RO         3723    i.SDMMC_CmdSendCID  stm32f4xx_ll_sdmmc.o
    0x08016154   0x00000034   Code   RO         3724    i.SDMMC_CmdSendCSD  stm32f4xx_ll_sdmmc.o
    0x08016188   0x0000003a   Code   RO         3725    i.SDMMC_CmdSendSCR  stm32f4xx_ll_sdmmc.o
    0x080161c2   0x0000003a   Code   RO         3726    i.SDMMC_CmdSendStatus  stm32f4xx_ll_sdmmc.o
    0x080161fc   0x0000003a   Code   RO         3727    i.SDMMC_CmdSetRelAdd  stm32f4xx_ll_sdmmc.o
    0x08016236   0x00000002   PAD
    0x08016238   0x0000003c   Code   RO         3729    i.SDMMC_CmdStopTransfer  stm32f4xx_ll_sdmmc.o
    0x08016274   0x0000003a   Code   RO         3731    i.SDMMC_CmdWriteMultiBlock  stm32f4xx_ll_sdmmc.o
    0x080162ae   0x0000003a   Code   RO         3732    i.SDMMC_CmdWriteSingleBlock  stm32f4xx_ll_sdmmc.o
    0x080162e8   0x00000040   Code   RO         3733    i.SDMMC_GetCmdError  stm32f4xx_ll_sdmmc.o
    0x08016328   0x000001a4   Code   RO         3734    i.SDMMC_GetCmdResp1  stm32f4xx_ll_sdmmc.o
    0x080164cc   0x0000005c   Code   RO         3735    i.SDMMC_GetCmdResp2  stm32f4xx_ll_sdmmc.o
    0x08016528   0x0000004c   Code   RO         3736    i.SDMMC_GetCmdResp3  stm32f4xx_ll_sdmmc.o
    0x08016574   0x000000b0   Code   RO         3737    i.SDMMC_GetCmdResp6  stm32f4xx_ll_sdmmc.o
    0x08016624   0x00000054   Code   RO         3738    i.SDMMC_GetCmdResp7  stm32f4xx_ll_sdmmc.o
    0x08016678   0x0000012a   Code   RO         4003    i.SD_FindSCR        stm32f4xx_hal_sd.o
    0x080167a2   0x000000fc   Code   RO         4004    i.SD_InitCard       stm32f4xx_hal_sd.o
    0x0801689e   0x000000ea   Code   RO         4006    i.SD_PowerON        stm32f4xx_hal_sd.o
    0x08016988   0x00000032   Code   RO         4009    i.SD_SendStatus     stm32f4xx_hal_sd.o
    0x080169ba   0x0000006a   Code   RO         4010    i.SD_WideBus_Disable  stm32f4xx_hal_sd.o
    0x08016a24   0x0000006a   Code   RO         4011    i.SD_WideBus_Enable  stm32f4xx_hal_sd.o
    0x08016a8e   0x00000002   PAD
    0x08016a90   0x00000028   Code   RO         7173    i.SD_initialize     sd_diskio.o
    0x08016ab8   0x00000068   Code   RO         7174    i.SD_ioctl          sd_diskio.o
    0x08016b20   0x00000048   Code   RO         7175    i.SD_read           sd_diskio.o
    0x08016b68   0x00000028   Code   RO         7176    i.SD_status         sd_diskio.o
    0x08016b90   0x00000048   Code   RO         7177    i.SD_write          sd_diskio.o
    0x08016bd8   0x00001eb8   Code   RO         5290    i.SMS_ReplyCMD      gsm.o
    0x08018a90   0x0000002c   Code   RO         4263    i.STORAGE_GetCapacity_FS  usbd_storage_if.o
    0x08018abc   0x00000004   Code   RO         4264    i.STORAGE_GetMaxLun_FS  usbd_storage_if.o
    0x08018ac0   0x0000000c   Code   RO         4265    i.STORAGE_Init_FS   usbd_storage_if.o
    0x08018acc   0x00000040   Code   RO         4266    i.STORAGE_IsReady_FS  usbd_storage_if.o
    0x08018b0c   0x00000006   Code   RO         4267    i.STORAGE_IsWriteProtected_FS  usbd_storage_if.o
    0x08018b12   0x00000034   Code   RO         4268    i.STORAGE_Read_FS   usbd_storage_if.o
    0x08018b46   0x00000034   Code   RO         4269    i.STORAGE_Write_FS  usbd_storage_if.o
    0x08018b7a   0x00000002   Code   RO         4370    i.SVC_Handler       stm32f4xx_it.o
    0x08018b7c   0x000001d4   Code   RO         5292    i.SendSMS           gsm.o
    0x08018d50   0x000000f0   Code   RO         5994    i.ShamsiToMiladi    rtc.o
    0x08018e40   0x000000bc   Code   RO         5293    i.SimChargeCat      gsm.o
    0x08018efc   0x0000005e   Code   RO         5294    i.StrSearch         gsm.o
    0x08018f5a   0x00000062   Code   RO         5295    i.StrSearch_P       gsm.o
    0x08018fbc   0x00000048   Code   RO         5296    i.StrToBin          gsm.o
    0x08019004   0x0000000c   Code   RO         4371    i.SysTick_Handler   stm32f4xx_it.o
    0x08019010   0x000000e4   Code   RO         4903    i.SystemClock_Config  main.o
    0x080190f4   0x00000064   Code   RO         4227    i.SystemInit        system_stm32f4xx.o
    0x08019158   0x00000010   Code   RO         4372    i.TIM2_IRQHandler   stm32f4xx_it.o
    0x08019168   0x00000010   Code   RO         4373    i.TIM4_IRQHandler   stm32f4xx_it.o
    0x08019178   0x000000e4   Code   RO          386    i.TIM_Base_SetConfig  stm32f4xx_hal_tim.o
    0x0801925c   0x00000018   Code   RO          393    i.TIM_ETR_SetConfig  stm32f4xx_hal_tim.o
    0x08019274   0x00000014   Code   RO          394    i.TIM_ITRx_SetConfig  stm32f4xx_hal_tim.o
    0x08019288   0x0000002a   Code   RO          400    i.TIM_TI1_ConfigInputStage  stm32f4xx_hal_tim.o
    0x080192b2   0x0000002c   Code   RO          402    i.TIM_TI2_ConfigInputStage  stm32f4xx_hal_tim.o
    0x080192de   0x00000002   PAD
    0x080192e0   0x00000470   Code   RO         5483    i.TemperatureSetting  ir.o
    0x08019750   0x00000014   Code   RO         1272    i.UART_DMAAbortOnError  stm32f4xx_hal_uart.o
    0x08019764   0x00000050   Code   RO         1273    i.UART_DMAError     stm32f4xx_hal_uart.o
    0x080197b4   0x00000046   Code   RO         1274    i.UART_DMAReceiveCplt  stm32f4xx_hal_uart.o
    0x080197fa   0x0000000e   Code   RO         1276    i.UART_DMARxHalfCplt  stm32f4xx_hal_uart.o
    0x08019808   0x00000020   Code   RO         1282    i.UART_EndRxTransfer  stm32f4xx_hal_uart.o
    0x08019828   0x00000020   Code   RO         1283    i.UART_EndTransmit_IT  stm32f4xx_hal_uart.o
    0x08019848   0x00000014   Code   RO         1284    i.UART_EndTxTransfer  stm32f4xx_hal_uart.o
    0x0801985c   0x0000009c   Code   RO         1285    i.UART_Receive_IT   stm32f4xx_hal_uart.o
    0x080198f8   0x00000368   Code   RO         1286    i.UART_SetConfig    stm32f4xx_hal_uart.o
    0x08019c60   0x0000006a   Code   RO         1287    i.UART_Transmit_IT  stm32f4xx_hal_uart.o
    0x08019cca   0x0000006c   Code   RO         1288    i.UART_WaitOnFlagUntilTimeout  stm32f4xx_hal_uart.o
    0x08019d36   0x00000002   PAD
    0x08019d38   0x00000010   Code   RO         4374    i.USART1_IRQHandler  stm32f4xx_it.o
    0x08019d48   0x00000148   Code   RO         4375    i.USART2_IRQHandler  stm32f4xx_it.o
    0x08019e90   0x00000058   Code   RO         4376    i.USART3_IRQHandler  stm32f4xx_it.o
    0x08019ee8   0x00000016   Code   RO         6851    i.USBD_ClrClassConfig  usbd_core.o
    0x08019efe   0x00000044   Code   RO         6989    i.USBD_ClrFeature   usbd_ctlreq.o
    0x08019f42   0x00000018   Code   RO         6504    i.USBD_CtlContinueRx  usbd_ioreq.o
    0x08019f5a   0x00000018   Code   RO         6505    i.USBD_CtlContinueSendData  usbd_ioreq.o
    0x08019f72   0x00000018   Code   RO         6990    i.USBD_CtlError     usbd_ctlreq.o
    0x08019f8a   0x0000001a   Code   RO         6507    i.USBD_CtlReceiveStatus  usbd_ioreq.o
    0x08019fa4   0x00000022   Code   RO         6508    i.USBD_CtlSendData  usbd_ioreq.o
    0x08019fc6   0x0000001a   Code   RO         6509    i.USBD_CtlSendStatus  usbd_ioreq.o
    0x08019fe0   0x00000034   Code   RO         4820    i.USBD_FS_ConfigStrDescriptor  usbd_desc.o
    0x0801a014   0x00000010   Code   RO         4821    i.USBD_FS_DeviceDescriptor  usbd_desc.o
    0x0801a024   0x00000038   Code   RO         4822    i.USBD_FS_InterfaceStrDescriptor  usbd_desc.o
    0x0801a05c   0x00000010   Code   RO         4823    i.USBD_FS_LangIDStrDescriptor  usbd_desc.o
    0x0801a06c   0x0000002c   Code   RO         4824    i.USBD_FS_ManufacturerStrDescriptor  usbd_desc.o
    0x0801a098   0x0000003c   Code   RO         4825    i.USBD_FS_ProductStrDescriptor  usbd_desc.o
    0x0801a0d4   0x00000038   Code   RO         4826    i.USBD_FS_SerialStrDescriptor  usbd_desc.o
    0x0801a10c   0x00000050   Code   RO         6991    i.USBD_GetConfig    usbd_ctlreq.o
    0x0801a15c   0x00000148   Code   RO         6992    i.USBD_GetDescriptor  usbd_ctlreq.o
    0x0801a2a4   0x00000014   Code   RO         6993    i.USBD_GetLen       usbd_ctlreq.o
    0x0801a2b8   0x00000044   Code   RO         6994    i.USBD_GetStatus    usbd_ctlreq.o
    0x0801a2fc   0x00000052   Code   RO         6995    i.USBD_GetString    usbd_ctlreq.o
    0x0801a34e   0x00000032   Code   RO         6853    i.USBD_Init         usbd_core.o
    0x0801a380   0x00000044   Code   RO         4547    i.USBD_LL_ClearStallEP  usbd_conf.o
    0x0801a3c4   0x00000044   Code   RO         4548    i.USBD_LL_CloseEP   usbd_conf.o
    0x0801a408   0x000000da   Code   RO         6854    i.USBD_LL_DataInStage  usbd_core.o
    0x0801a4e2   0x00000086   Code   RO         6855    i.USBD_LL_DataOutStage  usbd_core.o
    0x0801a568   0x00000006   Code   RO         6856    i.USBD_LL_DevConnected  usbd_core.o
    0x0801a56e   0x0000001a   Code   RO         6857    i.USBD_LL_DevDisconnected  usbd_core.o
    0x0801a588   0x00000044   Code   RO         4551    i.USBD_LL_FlushEP   usbd_conf.o
    0x0801a5cc   0x00000012   Code   RO         4552    i.USBD_LL_GetRxDataSize  usbd_conf.o
    0x0801a5de   0x00000002   PAD
    0x0801a5e0   0x00000088   Code   RO         4553    i.USBD_LL_Init      usbd_conf.o
    0x0801a668   0x00000038   Code   RO         4554    i.USBD_LL_IsStallEP  usbd_conf.o
    0x0801a6a0   0x00000006   Code   RO         6858    i.USBD_LL_IsoINIncomplete  usbd_core.o
    0x0801a6a6   0x00000006   Code   RO         6859    i.USBD_LL_IsoOUTIncomplete  usbd_core.o
    0x0801a6ac   0x00000062   Code   RO         4555    i.USBD_LL_OpenEP    usbd_conf.o
    0x0801a70e   0x00000062   Code   RO         4556    i.USBD_LL_PrepareReceive  usbd_conf.o
    0x0801a770   0x00000044   Code   RO         6860    i.USBD_LL_Reset     usbd_core.o
    0x0801a7b4   0x0000000e   Code   RO         6861    i.USBD_LL_Resume    usbd_core.o
    0x0801a7c2   0x00000022   Code   RO         6862    i.USBD_LL_SOF       usbd_core.o
    0x0801a7e4   0x00000008   Code   RO         6863    i.USBD_LL_SetSpeed  usbd_core.o
    0x0801a7ec   0x00000044   Code   RO         4557    i.USBD_LL_SetUSBAddress  usbd_conf.o
    0x0801a830   0x0000006e   Code   RO         6864    i.USBD_LL_SetupStage  usbd_core.o
    0x0801a89e   0x00000044   Code   RO         4558    i.USBD_LL_StallEP   usbd_conf.o
    0x0801a8e2   0x0000003c   Code   RO         4559    i.USBD_LL_Start     usbd_conf.o
    0x0801a91e   0x00000014   Code   RO         6865    i.USBD_LL_Suspend   usbd_core.o
    0x0801a932   0x00000062   Code   RO         4561    i.USBD_LL_Transmit  usbd_conf.o
    0x0801a994   0x00000012   Code   RO         6668    i.USBD_MSC_DataIn   usbd_msc.o
    0x0801a9a6   0x00000012   Code   RO         6669    i.USBD_MSC_DataOut  usbd_msc.o
    0x0801a9b8   0x00000034   Code   RO         6670    i.USBD_MSC_DeInit   usbd_msc.o
    0x0801a9ec   0x00000010   Code   RO         6671    i.USBD_MSC_GetDeviceQualifierDescriptor  usbd_msc.o
    0x0801a9fc   0x00000010   Code   RO         6672    i.USBD_MSC_GetFSCfgDesc  usbd_msc.o
    0x0801aa0c   0x00000010   Code   RO         6673    i.USBD_MSC_GetHSCfgDesc  usbd_msc.o
    0x0801aa1c   0x00000010   Code   RO         6674    i.USBD_MSC_GetOtherSpeedCfgDesc  usbd_msc.o
    0x0801aa2c   0x00000064   Code   RO         6675    i.USBD_MSC_Init     usbd_msc.o
    0x0801aa90   0x0000000c   Code   RO         6676    i.USBD_MSC_RegisterStorage  usbd_msc.o
    0x0801aa9c   0x00000128   Code   RO         6677    i.USBD_MSC_Setup    usbd_msc.o
    0x0801abc4   0x00000028   Code   RO         6996    i.USBD_ParseSetupRequest  usbd_ctlreq.o
    0x0801abec   0x00000010   Code   RO         6866    i.USBD_RegisterClass  usbd_core.o
    0x0801abfc   0x00000006   Code   RO         6867    i.USBD_RunTestMode  usbd_core.o
    0x0801ac02   0x00000054   Code   RO         6997    i.USBD_SetAddress   usbd_ctlreq.o
    0x0801ac56   0x00000022   Code   RO         6868    i.USBD_SetClassConfig  usbd_core.o
    0x0801ac78   0x000000e0   Code   RO         6998    i.USBD_SetConfig    usbd_ctlreq.o
    0x0801ad58   0x00000024   Code   RO         6999    i.USBD_SetFeature   usbd_ctlreq.o
    0x0801ad7c   0x0000000e   Code   RO         6869    i.USBD_Start        usbd_core.o
    0x0801ad8a   0x00000072   Code   RO         7000    i.USBD_StdDevReq    usbd_ctlreq.o
    0x0801adfc   0x00000156   Code   RO         7001    i.USBD_StdEPReq     usbd_ctlreq.o
    0x0801af52   0x0000004a   Code   RO         7002    i.USBD_StdItfReq    usbd_ctlreq.o
    0x0801af9c   0x000000c0   Code   RO         3272    i.USB_ActivateEndpoint  stm32f4xx_ll_usb.o
    0x0801b05c   0x00000044   Code   RO         3273    i.USB_ActivateSetup  stm32f4xx_ll_usb.o
    0x0801b0a0   0x00000070   Code   RO         3275    i.USB_CoreInit      stm32f4xx_ll_usb.o
    0x0801b110   0x00000048   Code   RO         3276    i.USB_CoreReset     stm32f4xx_ll_usb.o
    0x0801b158   0x0000010c   Code   RO         3278    i.USB_DeactivateEndpoint  stm32f4xx_ll_usb.o
    0x0801b264   0x0000001e   Code   RO         3279    i.USB_DevConnect    stm32f4xx_ll_usb.o
    0x0801b282   0x0000001e   Code   RO         3280    i.USB_DevDisconnect  stm32f4xx_ll_usb.o
    0x0801b2a0   0x000001a4   Code   RO         3281    i.USB_DevInit       stm32f4xx_ll_usb.o
    0x0801b444   0x0000000e   Code   RO         3282    i.USB_DisableGlobalInt  stm32f4xx_ll_usb.o
    0x0801b452   0x00000002   PAD
    0x0801b454   0x000001ac   Code   RO         3285    i.USB_EP0StartXfer  stm32f4xx_ll_usb.o
    0x0801b600   0x00000044   Code   RO         3286    i.USB_EP0_OutStart  stm32f4xx_ll_usb.o
    0x0801b644   0x00000088   Code   RO         3287    i.USB_EPClearStall  stm32f4xx_ll_usb.o
    0x0801b6cc   0x0000008c   Code   RO         3288    i.USB_EPSetStall    stm32f4xx_ll_usb.o
    0x0801b758   0x000002d0   Code   RO         3289    i.USB_EPStartXfer   stm32f4xx_ll_usb.o
    0x0801ba28   0x0000000e   Code   RO         3290    i.USB_EnableGlobalInt  stm32f4xx_ll_usb.o
    0x0801ba36   0x00000002   PAD
    0x0801ba38   0x0000002c   Code   RO         3291    i.USB_FlushRxFifo   stm32f4xx_ll_usb.o
    0x0801ba64   0x00000030   Code   RO         3292    i.USB_FlushTxFifo   stm32f4xx_ll_usb.o
    0x0801ba94   0x00000044   Code   RO         3294    i.USB_GetDevSpeed   stm32f4xx_ll_usb.o
    0x0801bad8   0x0000000a   Code   RO         3296    i.USB_GetMode       stm32f4xx_ll_usb.o
    0x0801bae2   0x00000012   Code   RO         3303    i.USB_ReadDevAllInEpInterrupt  stm32f4xx_ll_usb.o
    0x0801baf4   0x00000012   Code   RO         3304    i.USB_ReadDevAllOutEpInterrupt  stm32f4xx_ll_usb.o
    0x0801bb06   0x0000002c   Code   RO         3305    i.USB_ReadDevInEPInterrupt  stm32f4xx_ll_usb.o
    0x0801bb32   0x00000016   Code   RO         3306    i.USB_ReadDevOutEPInterrupt  stm32f4xx_ll_usb.o
    0x0801bb48   0x0000000c   Code   RO         3307    i.USB_ReadInterrupts  stm32f4xx_ll_usb.o
    0x0801bb54   0x00000022   Code   RO         3308    i.USB_ReadPacket    stm32f4xx_ll_usb.o
    0x0801bb76   0x00000030   Code   RO         3310    i.USB_SetCurrentMode  stm32f4xx_ll_usb.o
    0x0801bba6   0x00000028   Code   RO         3311    i.USB_SetDevAddress  stm32f4xx_ll_usb.o
    0x0801bbce   0x00000014   Code   RO         3312    i.USB_SetDevSpeed   stm32f4xx_ll_usb.o
    0x0801bbe2   0x00000030   Code   RO         3315    i.USB_WritePacket   stm32f4xx_ll_usb.o
    0x0801bc12   0x00000004   Code   RO         4377    i.UsageFault_Handler  stm32f4xx_it.o
    0x0801bc16   0x00000002   PAD
    0x0801bc18   0x0000043c   Code   RO         5484    i.WaterSetting      ir.o
    0x0801c054   0x00000004   Code   RO         4904    i._Error_Handler    main.o
    0x0801c058   0x00000028   Code   RO         7921    i.__0sprintf        mc_w.l(printfa.o)
    0x0801c080   0x00000008   Code   RO         8069    i.__aeabi_errno_addr  mc_w.l(errno.o)
    0x0801c088   0x0000000e   Code   RO         8097    i.__scatterload_copy  mc_w.l(handlers.o)
    0x0801c096   0x00000002   Code   RO         8098    i.__scatterload_null  mc_w.l(handlers.o)
    0x0801c098   0x0000000e   Code   RO         8099    i.__scatterload_zeroinit  mc_w.l(handlers.o)
    0x0801c0a6   0x00000002   PAD
    0x0801c0a8   0x0000015c   Code   RO         7926    i._fp_digits        mc_w.l(printfa.o)
    0x0801c204   0x000006f0   Code   RO         7927    i._printf_core      mc_w.l(printfa.o)
    0x0801c8f4   0x00000026   Code   RO         7928    i._printf_post_padding  mc_w.l(printfa.o)
    0x0801c91a   0x00000030   Code   RO         7929    i._printf_pre_padding  mc_w.l(printfa.o)
    0x0801c94a   0x0000000a   Code   RO         7931    i._sputc            mc_w.l(printfa.o)
    0x0801c954   0x000004f4   Code   RO         5485    i.add_device        ir.o
    0x0801ce48   0x00000002   Code   RO         5794    i.amp_pwr           main_func.o
    0x0801ce4a   0x00000014   Code   RO         5995    i.bcd2bin           rtc.o
    0x0801ce5e   0x0000001c   Code   RO         5996    i.bin2bcd           rtc.o
    0x0801ce7a   0x00000002   PAD
    0x0801ce7c   0x000001bc   Code   RO         5797    i.check_door_state  main_func.o
    0x0801d038   0x00000098   Code   RO         7232    i.check_fs          ff.o
    0x0801d0d0   0x00000014   Code   RO         7233    i.chk_chr           ff.o
    0x0801d0e4   0x00000090   Code   RO         7234    i.chk_lock          ff.o
    0x0801d174   0x00000080   Code   RO         5192    i.clear_eeprom      eeprom_ext.o
    0x0801d1f4   0x00000038   Code   RO         5486    i.clear_ir_flags    ir.o
    0x0801d22c   0x00000030   Code   RO         7235    i.clear_lock        ff.o
    0x0801d25c   0x00000038   Code   RO         7236    i.clmt_clust        ff.o
    0x0801d294   0x00000020   Code   RO         7237    i.clust2sect        ff.o
    0x0801d2b4   0x000009fc   Code   RO         5798    i.correct_rain_level  main_func.o
    0x0801dcb0   0x000000ea   Code   RO         7238    i.create_chain      ff.o
    0x0801dd9a   0x00000002   PAD
    0x0801dd9c   0x00000120   Code   RO         7239    i.create_name       ff.o
    0x0801debc   0x0000004c   Code   RO         7240    i.dec_lock          ff.o
    0x0801df08   0x00000022   Code   RO         5956    i.delayms           my_delay.o
    0x0801df2a   0x00000014   Code   RO         5957    i.delayus           my_delay.o
    0x0801df3e   0x00000064   Code   RO         7241    i.dir_alloc         ff.o
    0x0801dfa2   0x00000064   Code   RO         7242    i.dir_find          ff.o
    0x0801e006   0x00000158   Code   RO         7243    i.dir_next          ff.o
    0x0801e15e   0x0000007a   Code   RO         7244    i.dir_read          ff.o
    0x0801e1d8   0x00000046   Code   RO         7245    i.dir_register      ff.o
    0x0801e21e   0x00000044   Code   RO         7246    i.dir_remove        ff.o
    0x0801e262   0x000000c8   Code   RO         7247    i.dir_sdi           ff.o
    0x0801e32a   0x00000002   PAD
    0x0801e32c   0x0000002c   Code   RO         7577    i.disk_initialize   diskio.o
    0x0801e358   0x00000028   Code   RO         7578    i.disk_ioctl        diskio.o
    0x0801e380   0x00000030   Code   RO         7579    i.disk_read         diskio.o
    0x0801e3b0   0x0000001c   Code   RO         7580    i.disk_status       diskio.o
    0x0801e3cc   0x00000030   Code   RO         7581    i.disk_write        diskio.o
    0x0801e3fc   0x0000026c   Code   RO         5799    i.display           main_func.o
    0x0801e668   0x00000028   Code   RO         7248    i.enq_lock          ff.o
    0x0801e690   0x00000022   Code   RO         5800    i.enter_critical_section  main_func.o
    0x0801e6b2   0x00000002   PAD
    0x0801e6b4   0x0000076c   Code   RO         5801    i.event_process     main_func.o
    0x0801ee20   0x00000022   Code   RO         5802    i.exit_critical_section  main_func.o
    0x0801ee42   0x0000002e   Code   RO         7250    i.f_close           ff.o
    0x0801ee70   0x0000033e   Code   RO         7254    i.f_lseek           ff.o
    0x0801f1ae   0x00000168   Code   RO         7255    i.f_mkdir           ff.o
    0x0801f316   0x00000002   PAD
    0x0801f318   0x00000064   Code   RO         7257    i.f_mount           ff.o
    0x0801f37c   0x000001bc   Code   RO         7258    i.f_open            ff.o
    0x0801f538   0x00000202   Code   RO         7263    i.f_read            ff.o
    0x0801f73a   0x000000ce   Code   RO         7267    i.f_sync            ff.o
    0x0801f808   0x000000c6   Code   RO         7269    i.f_unlink          ff.o
    0x0801f8ce   0x00000254   Code   RO         7271    i.f_write           ff.o
    0x0801fb22   0x00000002   PAD
    0x0801fb24   0x000007c8   Code   RO         5803    i.fc301d_reply_command  main_func.o
    0x080202ec   0x0000001a   Code   RO         6158    i.fc301d_send       usart.o
    0x08020306   0x00000002   PAD
    0x08020308   0x000003dc   Code   RO         7272    i.find_volume       ff.o
    0x080206e4   0x00000010   Code   RO         5297    i.flush_buf         gsm.o
    0x080206f4   0x0000009c   Code   RO         7273    i.follow_path       ff.o
    0x08020790   0x00000050   Code   RO         7947    i.free              mc_w.l(malloc.o)
    0x080207e0   0x000000ee   Code   RO         7274    i.get_fat           ff.o
    0x080208ce   0x0000003e   Code   RO         6360    i.get_fattime       fatfs.o
    0x0802090c   0x00000048   Code   RO         7276    i.get_ldnumber      ff.o
    0x08020954   0x000000fc   Code   RO         6203    i.get_picture       camera.o
    0x08020a50   0x000000e8   Code   RO         7277    i.inc_lock          ff.o
    0x08020b38   0x000000fc   Code   RO         5487    i.input_number      ir.o
    0x08020c34   0x000001fc   Code   RO         5488    i.ir_rec            ir.o
    0x08020e30   0x00000022   Code   RO         7278    i.ld_clust          ff.o
    0x08020e52   0x00000002   PAD
    0x08020e54   0x00000c7c   Code   RO         5489    i.loadSettingSD     ir.o
    0x08021ad0   0x00000428   Code   RO         5804    i.log_data          main_func.o
    0x08021ef8   0x000000a4   Code   RO         5805    i.log_event         main_func.o
    0x08021f9c   0x00000160   Code   RO         6204    i.log_picture       camera.o
    0x080220fc   0x00000144   Code   RO         5490    i.log_setting       ir.o
    0x08022240   0x00000022   Code   RO         5298    i.lowercase         gsm.o
    0x08022262   0x00000002   PAD
    0x08022264   0x00001304   Code   RO         4905    i.main              main.o
    0x08023568   0x0000006c   Code   RO         7948    i.malloc            mc_w.l(malloc.o)
    0x080235d4   0x00000026   Code   RO         7279    i.mem_cmp           ff.o
    0x080235fa   0x0000001a   Code   RO         7280    i.mem_cpy           ff.o
    0x08023614   0x00000014   Code   RO         7281    i.mem_set           ff.o
    0x08023628   0x000006f0   Code   RO         5491    i.menu_prog         ir.o
    0x08023d18   0x00000038   Code   RO         7282    i.move_window       ff.o
    0x08023d50   0x00000032   Code   RO         6240    i.parity_check      sdi12.o
    0x08023d82   0x00000002   PAD
    0x08023d84   0x000003a0   Code   RO         5492    i.pass_change       ir.o
    0x08024124   0x00000002   Code   RO         6083    i.play_stop         sound.o
    0x08024126   0x00000002   PAD
    0x08024128   0x00000334   Code   RO         5493    i.processing_ir_keypad  ir.o
    0x0802445c   0x0000014a   Code   RO         7283    i.put_fat           ff.o
    0x080245a6   0x00000002   PAD
    0x080245a8   0x00000214   Code   RO         6205    i.read_camera       camera.o
    0x080247bc   0x00000058   Code   RO         5193    i.read_exteeprom_ary  eeprom_ext.o
    0x08024814   0x00000064   Code   RO         5194    i.read_exteeprom_byte  eeprom_ext.o
    0x08024878   0x00000060   Code   RO         5195    i.read_exteeprom_dword  eeprom_ext.o
    0x080248d8   0x00000068   Code   RO         5196    i.read_exteeprom_float  eeprom_ext.o
    0x08024940   0x00000088   Code   RO         5197    i.read_exteeprom_word  eeprom_ext.o
    0x080249c8   0x00000244   Code   RO         5807    i.read_microsonic_level  main_func.o
    0x08024c0c   0x0000022c   Code   RO         5808    i.read_sensours     main_func.o
    0x08024e38   0x0000009c   Code   RO         5809    i.read_water_level  main_func.o
    0x08024ed4   0x0000007a   Code   RO         7285    i.remove_chain      ff.o
    0x08024f4e   0x00000008   Code   RO         5198    i.reset_i2c         eeprom_ext.o
    0x08024f56   0x00000002   PAD
    0x08024f58   0x0000011c   Code   RO         5997    i.rtc_gettime       rtc.o
    0x08025074   0x00000058   Code   RO         5998    i.rtc_gettime_shamsi  rtc.o
    0x080250cc   0x00000084   Code   RO         5999    i.rtc_init          rtc.o
    0x08025150   0x00000154   Code   RO         6000    i.rtc_settime       rtc.o
    0x080252a4   0x00000064   Code   RO         6001    i.rtc_settime_shamsi  rtc.o
    0x08025308   0x000002b8   Code   RO         5494    i.scan_key          ir.o
    0x080255c0   0x0000002c   Code   RO         6241    i.sdi_dir_in        sdi12.o
    0x080255ec   0x00000030   Code   RO         6242    i.sdi_dir_out       sdi12.o
    0x0802561c   0x000000b4   Code   RO         5495    i.select            ir.o
    0x080256d0   0x000002d8   Code   RO         5810    i.send_log_data     main_func.o
    0x080259a8   0x000001b4   Code   RO         5496    i.setup_prog        ir.o
    0x08025b5c   0x00000010   Code   RO         7286    i.st_clust          ff.o
    0x08025b6c   0x000003bc   Code   RO         5497    i.st_setting        ir.o
    0x08025f28   0x0000002a   Code   RO         5299    i.strcopy           gsm.o
    0x08025f52   0x00000046   Code   RO         5811    i.strtolong         main_func.o
    0x08025f98   0x000000f4   Code   RO         7287    i.sync_fs           ff.o
    0x0802608c   0x00000060   Code   RO         7288    i.sync_window       ff.o
    0x080260ec   0x00000058   Code   RO         6125    i.temp_lm75         temperature.o
    0x08026144   0x00000080   Code   RO         6243    i.thali_readresp    sdi12.o
    0x080261c4   0x00000078   Code   RO         6244    i.thali_sendchar    sdi12.o
    0x0802623c   0x0000004c   Code   RO         6245    i.thali_sendcmd     sdi12.o
    0x08026288   0x00000324   Code   RO         5498    i.time_setting      ir.o
    0x080265ac   0x0000076c   Code   RO         5300    i.upload_file       gsm.o
    0x08026d18   0x00000608   Code   RO         5301    i.upload_instant    gsm.o
    0x08027320   0x00000044   Code   RO         6159    i.usart_init        usart.o
    0x08027364   0x00000042   Code   RO         7289    i.validate          ff.o
    0x080273a6   0x00000002   PAD
    0x080273a8   0x00000020   Code   RO         5812    i.wdt_refresh       main_func.o
    0x080273c8   0x000000b8   Code   RO         6329    i.wifi_init         wifi.o
    0x08027480   0x00000020   Code   RO         6330    i.wifi_send_cmd     wifi.o
    0x080274a0   0x00000078   Code   RO         5199    i.write_exteeprom_ary  eeprom_ext.o
    0x08027518   0x00000068   Code   RO         5200    i.write_exteeprom_byte  eeprom_ext.o
    0x08027580   0x00000068   Code   RO         5201    i.write_exteeprom_dword  eeprom_ext.o
    0x080275e8   0x0000006c   Code   RO         5202    i.write_exteeprom_float  eeprom_ext.o
    0x08027654   0x00000068   Code   RO         5203    i.write_exteeprom_word  eeprom_ext.o
    0x080276bc   0x00000008   Data   RO         3574    .constdata          stm32f4xx_hal_dma.o
    0x080276c4   0x00000018   Data   RO         4228    .constdata          system_stm32f4xx.o
    0x080276dc   0x00000024   Data   RO         4270    .constdata          usbd_storage_if.o
    0x08027700   0x00000056   Data   RO         4907    .constdata          main.o
    0x08027756   0x000000eb   Data   RO         5302    .constdata          gsm.o
    0x08027841   0x000002d1   Data   RO         5500    .constdata          ir.o
    0x08027b12   0x0000003f   Data   RO         5657    .constdata          lcdlib.o
    0x08027b51   0x00000003   PAD
    0x08027b54   0x00000048   Data   RO         6002    .constdata          rtc.o
    0x08027b9c   0x00000017   Data   RO         6827    .constdata          usbd_msc_data.o
    0x08027bb3   0x00000001   PAD
    0x08027bb4   0x00000014   Data   RO         7178    .constdata          sd_diskio.o
    0x08027bc8   0x000000ac   Data   RO         7291    .constdata          ff.o
    0x08027c74   0x00000081   Data   RO         8040    .constdata          mc_w.l(ctype_o.o)
    0x08027cf5   0x00000003   PAD
    0x08027cf8   0x00000004   Data   RO         8041    .constdata          mc_w.l(ctype_o.o)
    0x08027cfc   0x00000020   Data   RO         8095    Region$$Table       anon$$obj.o


    Execution Region RW_IRAM1 (Base: 0x20000000, Size: 0x00018030, Max: 0x00020000, ABSOLUTE, COMPRESSED[0x000000e8])

    Base Addr    Size         Type   Attr      Idx    E Section Name        Object

    0x20000000   0x00000004   Data   RW         2250    .data               stm32f4xx_hal.o
    0x20000004   0x00000004   Data   RW         4229    .data               system_stm32f4xx.o
    0x20000008   0x00000021   Data   RW         4271    .data               usbd_storage_if.o
    0x20000029   0x00000003   PAD
    0x2000002c   0x00000034   Data   RW         4828    .data               usbd_desc.o
    0x20000060   0x00000230   Data   RW         4908    .data               main.o
    0x20000290   0x00000004   Data   RW         5204    .data               eeprom_ext.o
    0x20000294   0x0000000a   Data   RW         5425    .data               interrupt.o
    0x2000029e   0x00000002   PAD
    0x200002a0   0x00000031   Data   RW         5501    .data               ir.o
    0x200002d1   0x00000001   Data   RW         5658    .data               lcdlib.o
    0x200002d2   0x00000010   Data   RW         6003    .data               rtc.o
    0x200002e2   0x00000005   Data   RW         6361    .data               fatfs.o
    0x200002e7   0x00000001   PAD
    0x200002e8   0x000000a2   Data   RW         6678    .data               usbd_msc.o
    0x2000038a   0x00000001   Data   RW         7003    .data               usbd_ctlreq.o
    0x2000038b   0x00000001   Data   RW         7179    .data               sd_diskio.o
    0x2000038c   0x00000006   Data   RW         7292    .data               ff.o
    0x20000392   0x00000002   PAD
    0x20000394   0x00000004   Data   RW         8067    .data               mc_w.l(mvars.o)
    0x20000398   0x00000004   Data   RW         8068    .data               mc_w.l(mvars.o)
    0x2000039c   0x00000004   Data   RW         8072    .data               mc_w.l(errno.o)
    0x200003a0   0x000003f0   Zero   RW         4562    .bss                usbd_conf.o
    0x20000790   0x00000200   Zero   RW         4827    .bss                usbd_desc.o
    0x20000990   0x00011274   Zero   RW         4906    .bss                main.o
    0x20011c04   0x00000224   Zero   RW         5049    .bss                usb_device.o
    0x20011e28   0x000001cc   Zero   RW         5499    .bss                ir.o
    0x20011ff4   0x00000014   Zero   RW         6246    .bss                sdi12.o
    0x20012008   0x0000000c   Zero   RW         7127    .bss                ff_gen_drv.o
    0x20012014   0x00000018   Zero   RW         7290    .bss                ff.o
    0x2001202c   0x00000004   PAD
    0x20012030   0x00002000   Zero   RW         7082    HEAP                startup_stm32f407xx.o
    0x20014030   0x00004000   Zero   RW         7081    STACK               startup_stm32f407xx.o


==============================================================================

Image component sizes


      Code (inc. data)   RO Data    RW Data    ZI Data      Debug   Object Name

       244         22          0          0          0        879   adc.o
       200         26          0          0          0       3708   bsp_driver_sd.o
      1136        264          0          0          0       2130   camera.o
       208         24          0          0          0       3521   diskio.o
      1200        152          0          4          0       7938   eeprom_ext.o
        90         12          0          5          0       1350   fatfs.o
      8122         72        172          6         24      38238   ff.o
       102          6          0          0         12       1535   ff_gen_drv.o
     13446       3274        235          0          0      18333   gsm.o
      1916        300          0         10          0       3675   interrupt.o
     22404       3016        721         49        460      24858   ir.o
      1156         62         63          1          0       7981   lcdlib.o
      7184       1362         86        560      70260      26211   main.o
     12752       2158          0          0          0      15170   main_func.o
        86          6          0          0          0       1515   my_delay.o
      1630         90         72         16          0       7255   rtc.o
       328         32         20          1          0       4252   sd_diskio.o
       550         44          0          0         20       4555   sdi12.o
         2          0          0          0          0        388   sound.o
        36          8        392          0      24576        760   startup_stm32f407xx.o
       158         20          0          4          0       4151   stm32f4xx_hal.o
      1310         46          0          0          0     732422   stm32f4xx_hal_adc.o
       444         36          0          0          0      32927   stm32f4xx_hal_cortex.o
      1276         20          8          0          0       5802   stm32f4xx_hal_dma.o
       908         90          0          0          0       3605   stm32f4xx_hal_gpio.o
      2694         40          0          0          0      10610   stm32f4xx_hal_i2c.o
        94          0          0          0          0       1611   stm32f4xx_hal_iwdg.o
      1274        150          0          0          0       5100   stm32f4xx_hal_msp.o
      3008         50          0          0          0      10900   stm32f4xx_hal_pcd.o
        92          0          0          0          0       1688   stm32f4xx_hal_pcd_ex.o
      1836         80          0          0          0       5172   stm32f4xx_hal_rcc.o
      3076          4          0          0          0      12404   stm32f4xx_hal_sd.o
      1370         44          0          0          0      10271   stm32f4xx_hal_tim.o
       102          0          0          0          0       2178   stm32f4xx_hal_tim_ex.o
      2466         26          0          0          0      12303   stm32f4xx_hal_uart.o
       574        106          0          0          0      13599   stm32f4xx_it.o
      2090         44          0          0          0      22355   stm32f4xx_ll_sdmmc.o
      3186         62          0          0          0      19246   stm32f4xx_ll_usb.o
       100         20         24          4          0       1043   system_stm32f4xx.o
       320         56          0          0          0       1118   temperature.o
       174         30          0          0          0       1924   usart.o
        52         16          0          0        548        636   usb_device.o
      1304         38          0          0       1008      14636   usbd_conf.o
       792          0          0          0          0      11825   usbd_core.o
      1584         30          0          1          0      10040   usbd_ctlreq.o
       300        124          0         52        512       4935   usbd_desc.o
       134          0          0          0          0       3616   usbd_ioreq.o
       560         24          0        162          0       8832   usbd_msc.o
       708          8          0          0          0       7025   usbd_msc_bot.o
         0          0         23          0          0        785   usbd_msc_data.o
      1982         14          0          0          0      12667   usbd_msc_scsi.o
       234          4         36         33          0      13836   usbd_storage_if.o
       216         82          0          0          0        940   wifi.o

    ----------------------------------------------------------------------
    107292      12194       1888        916      97424    1174454   Object Totals
         0          0         32          0          0          0   (incl. Generated)
        82          0          4          8          4          0   (incl. Padding)

    ----------------------------------------------------------------------

      Code (inc. data)   RO Data    RW Data    ZI Data      Debug   Library Member Name

        92          0          0          0          0          0   __dczerorl2.o
        28          0          0          0          0         68   _chval.o
       158          0          0          0          0         92   _strtoul.o
         8          4        133          0          0         68   ctype_o.o
         0          0          0          0          0          0   entry.o
         0          0          0          0          0          0   entry10a.o
         0          0          0          0          0          0   entry11a.o
         8          4          0          0          0          0   entry2.o
         4          0          0          0          0          0   entry5.o
         0          0          0          0          0          0   entry7b.o
         0          0          0          0          0          0   entry8b.o
         8          4          0          0          0          0   entry9a.o
         8          4          0          4          0         68   errno.o
        30          0          0          0          0          0   handlers.o
        36          8          0          0          0         68   init.o
         0          0          0          0          0          0   iusefp.o
        30          0          0          0          0         68   llshl.o
        36          0          0          0          0         68   llsshr.o
        32          0          0          0          0         68   llushr.o
       188         20          0          0          0        160   malloc.o
        26          0          0          0          0         80   memcmp.o
        36          0          0          0          0         68   memcpya.o
         0          0          0          8          0          0   mvars.o
      2260         86          0          0          0        512   printfa.o
        24          0          0          0          0         68   strcat.o
        28          0          0          0          0         76   strcmp.o
        18          0          0          0          0         68   strcpy.o
        14          0          0          0          0         68   strlen.o
       112          0          0          0          0         88   strtol.o
        44          0          0          0          0         80   uidiv.o
        98          0          0          0          0         92   uldiv.o
        40          2          0          0          0         68   cdcmple.o
        40          2          0          0          0         68   cdrcmple.o
        56          0          0          0          0         88   d2f.o
       334          0          0          0          0        148   dadd.o
       222          0          0          0          0        100   ddiv.o
       190          0          0          0          0        176   depilogue.o
        48          0          0          0          0         68   dfixul.o
       228          0          0          0          0         96   dmul.o
        38          0          0          0          0         68   f2d.o
       108          0          0          0          0        168   fepilogue.o

    ----------------------------------------------------------------------
      4632        134        136         12          0       2976   Library Totals
         2          0          3          0          0          0   (incl. Padding)

    ----------------------------------------------------------------------

      Code (inc. data)   RO Data    RW Data    ZI Data      Debug   Library Name

      3326        130        133         12          0       1928   mc_w.l
      1304          4          0          0          0       1048   mf_w.l

    ----------------------------------------------------------------------
      4632        134        136         12          0       2976   Library Totals

    ----------------------------------------------------------------------

==============================================================================


      Code (inc. data)   RO Data    RW Data    ZI Data      Debug   

    111924      12328       2024        928      97424    1124618   Grand Totals
    111924      12328       2024        232      97424    1124618   ELF Image Totals (compressed)
    111924      12328       2024        232          0          0   ROM Totals

==============================================================================

    Total RO  Size (Code + RO Data)               113948 ( 111.28kB)
    Total RW  Size (RW Data + ZI Data)             98352 (  96.05kB)
    Total ROM Size (Code + RO Data + RW Data)     114180 ( 111.50kB)

==============================================================================

